<html>
<body>
<pre>
<h1>µVision Build Log</h1>
<h2>Tool Versions:</h2>
IDE-Version: ¦ÌVision V5.12.0.0
Copyright (C) 2014 ARM Ltd and ARM Germany GmbH. All rights reserved.
License Information: 123 123, 123, LIC=6XJFW-Q8CM8-AUS4J-UUVLY-NH0ET-R083N
 
Tool Versions:
Toolchain:       MDK-ARM Professional  Version: 5.12.0.0
Toolchain Path:  C:\Keil_v5\ARM\ARMCC\Bin
C Compiler:      Armcc.exe V5.05 (build 41)
Assembler:       Armasm.exe V5.05 (build 41)
Linker/Locator:  ArmLink.exe V5.05 (build 41)
Library Manager: ArmAr.exe V5.05 (build 41)
Hex Converter:   FromElf.exe V5.05 (build 41)
CPU DLL:         SARMCM3.DLL V5.12.0.0
Dialog DLL:      DARMCM1.DLL V1.11.00.0
Target DLL:      Nu_Link.dll V2.00
Dialog DLL:      TARMCM1.DLL V1.08.00.0
 
<h2>Project:</h2>
C:\Users\yanhui\myData\speech\speechreco\speechreco.uvproj
Project File Date:  03/15/2017

<h2>Output:</h2>
Rebuild target 'speechreco'
assembling startup_N575_Keil.s...
compiling system_N575.c...
compiling main.c...
compiling uart.c...
compiling sys.c...
compiling spi.c...
compiling retarget.c...
compiling pdma.c...
compiling fmc.c...
compiling clk.c...
compiling gpio.c...
compiling adc.c...
compiling Keypad.c...
compiling capsense.c...
linking...
Program Size: Code=3820 RO-data=496 RW-data=40 ZI-data=2160  
After Build - User command #1: fromelf --bin ".\obj\speechreco.axf" --output ".\obj\speechreco.bin"
After Build - User command #2: fromelf --text -c ".\obj\speechreco.axf" --output ".\obj\speechreco.txt"
".\obj\speechreco.axf" - 0 Error(s), 0 Warning(s).
: L6218E: Undefined symbol CapSense_SetCycleCounts (referred from keypad.o).
Not enough information to list image symbols.
Finished: 1 information, 0 warning and 4 error messages.
".\obj\speechreco.axf" - 4 Error(s), 0 Warning(s).
Target not created.
