Component: ARM Compiler 5.05 (build 41) Tool: armlink [4d0eb9]

==============================================================================

Small function inlining results

Inlined function __aeabi_idiv0 from aeabi_idiv0.o at offset 0x154 in aeabi_sdiv.o(.text).
Inlined Instruction: BX       lr
Inlined function __aeabi_idiv0 from aeabi_idiv0.o at offset 0x154 in aeabi_sdiv_div0.o(.text).
Inlined Instruction: BX       lr
Inlined function _platform_pre_stackheap_init from boardinit1.o at offset 0x0 in __rtentry2.o(.ARM.Collect$$rtentry$$00000001).
Inlined Instruction: BX       lr
Inlined function _fp_init from fpinit.o at offset 0x0 in libinit2.o(.ARM.Collect$$libinit$$00000001).
Inlined Instruction: BX       lr
Inlined function _platform_pre_lib_shutdown from boardshut.o at offset 0x0 in rtexit2.o(.ARM.Collect$$rtexit$$00000001).
Inlined Instruction: BX       lr
Inlined function __ARM_get_argv from no_argv.o at offset 0x2 in argv_veneer.o(.text).
Inlined Instruction: BX       lr
Inlined total of 6 calls.

==============================================================================

Section Cross References

    startup_n575_keil.o(STACK) refers (Special) to heapauxi.o(.text) for __use_two_region_memory
    startup_n575_keil.o(HEAP) refers (Special) to heapauxi.o(.text) for __use_two_region_memory
    startup_n575_keil.o(RESET) refers (Special) to heapauxi.o(.text) for __use_two_region_memory
    startup_n575_keil.o(RESET) refers to startup_n575_keil.o(STACK) for __initial_sp
    startup_n575_keil.o(RESET) refers to startup_n575_keil.o(.text) for Reset_Handler
    startup_n575_keil.o(.text) refers (Special) to heapauxi.o(.text) for __use_two_region_memory
    startup_n575_keil.o(.text) refers to __main.o(!!!main) for __main
    startup_n575_keil.o(.text) refers to startup_n575_keil.o(HEAP) for Heap_Mem
    startup_n575_keil.o(.text) refers to startup_n575_keil.o(STACK) for Stack_Mem
    system_n575.o(i.SystemCoreClockUpdate) refers to aeabi_sdiv.o(.text) for __aeabi_uidivmod
    system_n575.o(i.SystemCoreClockUpdate) refers to system_n575.o(.data) for gau32ClkSrcTbl
    main.o(i.SYS_Init) refers to sys.o(i.SYS_UnlockReg) for SYS_UnlockReg
    main.o(i.SYS_Init) refers to clk.o(i.CLK_EnableXtalRC) for CLK_EnableXtalRC
    main.o(i.SYS_Init) refers to clk.o(i.CLK_SetHCLK) for CLK_SetHCLK
    main.o(i.SYS_Init) refers to clk.o(i.CLK_EnableModuleClock) for CLK_EnableModuleClock
    main.o(i.SYS_Init) refers to system_n575.o(i.SystemCoreClockUpdate) for SystemCoreClockUpdate
    main.o(i.SYS_Init) refers to sys.o(i.SYS_ResetModule) for SYS_ResetModule
    main.o(i.SYS_Init) refers to sys.o(i.SYS_LockReg) for SYS_LockReg
    main.o(i.SpiFlash_ChipErase) refers to main.o(i.SpiFlash_SendRxData) for SpiFlash_SendRxData
    main.o(i.SpiFlash_ChipErase) refers to main.o(i.SpiFlash_WaitReady) for SpiFlash_WaitReady
    main.o(i.SpiFlash_Init) refers to spi.o(i.SPI_Open) for SPI_Open
    main.o(i.SpiFlash_NormalPageProgram) refers to main.o(i.SpiFlash_SendRxData) for SpiFlash_SendRxData
    main.o(i.SpiFlash_NormalPageProgram) refers to main.o(i.SpiFlash_WaitReady) for SpiFlash_WaitReady
    main.o(i.SpiFlash_NormalRead) refers to main.o(i.SpiFlash_SendRxData) for SpiFlash_SendRxData
    main.o(i.SpiFlash_ReadMidDid) refers to main.o(i.SpiFlash_SendRxData) for SpiFlash_SendRxData
    main.o(i.SpiFlash_ReadStatusReg) refers to main.o(i.SpiFlash_SendRxData) for SpiFlash_SendRxData
    main.o(i.SpiFlash_WaitReady) refers to main.o(i.SpiFlash_ReadStatusReg) for SpiFlash_ReadStatusReg
    main.o(i.main) refers to _printf_percent.o(.ARM.Collect$$_printf_percent$$00000000) for _printf_percent
    main.o(i.main) refers to _printf_x.o(.ARM.Collect$$_printf_percent$$0000000C) for _printf_x
    main.o(i.main) refers to _printf_hex_int.o(.text) for _printf_longlong_hex
    main.o(i.main) refers to main.o(i.SYS_Init) for SYS_Init
    main.o(i.main) refers to main.o(i.SpiFlash_Init) for SpiFlash_Init
    main.o(i.main) refers to uart.o(i.UART_Open) for UART_Open
    main.o(i.main) refers to noretval__2printf.o(.text) for __2printf
    main.o(i.main) refers to main.o(i.SpiFlash_WaitReady) for SpiFlash_WaitReady
    main.o(i.main) refers to main.o(i.SpiFlash_ReadMidDid) for SpiFlash_ReadMidDid
    main.o(i.main) refers to main.o(i.SpiFlash_ChipErase) for SpiFlash_ChipErase
    main.o(i.main) refers to main.o(i.SpiFlash_NormalPageProgram) for SpiFlash_NormalPageProgram
    main.o(i.main) refers to rt_memclr.o(.text) for __aeabi_memclr
    main.o(i.main) refers to main.o(i.SpiFlash_NormalRead) for SpiFlash_NormalRead
    main.o(i.main) refers to memcmp.o(.text) for memcmp
    main.o(i.main) refers to main.o(.conststring) for .conststring
    main.o(i.main) refers to main.o(.bss) for au8SrcArray
    uart.o(i.UART_Open) refers to clk.o(i.CLK_GetHCLKFreq) for CLK_GetHCLKFreq
    uart.o(i.UART_Open) refers to aeabi_sdiv.o(.text) for __aeabi_uidivmod
    uart.o(i.UART_SetLine_Config) refers to clk.o(i.CLK_GetHCLKFreq) for CLK_GetHCLKFreq
    uart.o(i.UART_SetLine_Config) refers to aeabi_sdiv.o(.text) for __aeabi_uidivmod
    sys.o(i.SYS_ResetCPU) refers to sys.o(i.SYS_Unlock) for SYS_Unlock
    sys.o(i.SYS_ResetCPU) refers to sys.o(i.SYS_Lock) for SYS_Lock
    sys.o(i.SYS_ResetChip) refers to sys.o(i.SYS_Unlock) for SYS_Unlock
    sys.o(i.SYS_ResetChip) refers to sys.o(i.SYS_Lock) for SYS_Lock
    spi.o(i.SPI_GetBusClock) refers to clk.o(i.CLK_GetHCLKFreq) for CLK_GetHCLKFreq
    spi.o(i.SPI_GetBusClock) refers to aeabi_sdiv.o(.text) for __aeabi_uidivmod
    spi.o(i.SPI_GetVarClock) refers to clk.o(i.CLK_GetHCLKFreq) for CLK_GetHCLKFreq
    spi.o(i.SPI_GetVarClock) refers to aeabi_sdiv.o(.text) for __aeabi_uidivmod
    spi.o(i.SPI_Open) refers to spi.o(i.SPI_SetVarClock) for SPI_SetVarClock
    spi.o(i.SPI_Open) refers to spi.o(i.SPI_SetBusClock) for SPI_SetBusClock
    spi.o(i.SPI_Open) refers to spi.o(i.SPI_GetBusClock) for SPI_GetBusClock
    spi.o(i.SPI_SetBusClock) refers to clk.o(i.CLK_GetHCLKFreq) for CLK_GetHCLKFreq
    spi.o(i.SPI_SetBusClock) refers to aeabi_sdiv.o(.text) for __aeabi_uidivmod
    spi.o(i.SPI_SetVarClock) refers to clk.o(i.CLK_GetHCLKFreq) for CLK_GetHCLKFreq
    spi.o(i.SPI_SetVarClock) refers to aeabi_sdiv.o(.text) for __aeabi_uidivmod
    retarget.o(i.GetChar) refers to retarget.o(.emb_text) for SH_DoCommand
    retarget.o(i.Hard_Fault_Handler) refers to noretval__2printf.o(.text) for __2printf
    retarget.o(i.Hard_Fault_Handler) refers to retarget.o(i.stackDump) for stackDump
    retarget.o(i.SendChar) refers to retarget.o(.emb_text) for SH_DoCommand
    retarget.o(i.SendChar) refers to retarget.o(i.SendChar_ToUART) for SendChar_ToUART
    retarget.o(i.SendChar) refers to retarget.o(.data) for g_buf_len
    retarget.o(i.SendChar) refers to retarget.o(.bss) for g_buf
    retarget.o(i._sys_exit) refers to retarget.o(.emb_text) for SH_DoCommand
    retarget.o(i._sys_exit) refers to retarget.o(i.IsDebugFifoEmpty) for IsDebugFifoEmpty
    retarget.o(i._ttywrch) refers to retarget.o(i.SendChar) for SendChar
    retarget.o(i.fgetc) refers to retarget.o(i.GetChar) for GetChar
    retarget.o(i.fputc) refers to retarget.o(i.SendChar) for SendChar
    retarget.o(i.stackDump) refers to _printf_percent.o(.ARM.Collect$$_printf_percent$$00000000) for _printf_percent
    retarget.o(i.stackDump) refers to _printf_x.o(.ARM.Collect$$_printf_percent$$0000000C) for _printf_x
    retarget.o(i.stackDump) refers to _printf_hex_int.o(.text) for _printf_longlong_hex
    retarget.o(i.stackDump) refers to noretval__2printf.o(.text) for __2printf
    pdma.o(i.PDMA_SetTransferMode) refers to pdma.o(i.__ARM_common_switch8) for __ARM_common_switch8
    fmc.o(i.FMC_ReadConfig) refers to fmc.o(i.FMC_Read) for FMC_Read
    fmc.o(i.FMC_WriteConfig) refers to fmc.o(i.FMC_Erase) for FMC_Erase
    fmc.o(i.FMC_WriteConfig) refers to fmc.o(i.FMC_Write) for FMC_Write
    fmc.o(i.FMC_WriteConfig) refers to fmc.o(i.FMC_Read) for FMC_Read
    clk.o(i.CLK_DeepPowerDown) refers to sys.o(i.SYS_Unlock) for SYS_Unlock
    clk.o(i.CLK_DeepPowerDown) refers to sys.o(i.SYS_Lock) for SYS_Lock
    clk.o(i.CLK_DeepSleep) refers to sys.o(i.SYS_Unlock) for SYS_Unlock
    clk.o(i.CLK_DeepSleep) refers to sys.o(i.SYS_Lock) for SYS_Lock
    clk.o(i.CLK_DisableLDO) refers to sys.o(i.SYS_Unlock) for SYS_Unlock
    clk.o(i.CLK_DisableLDO) refers to sys.o(i.SYS_Lock) for SYS_Lock
    clk.o(i.CLK_DisableXtalRC) refers to sys.o(i.SYS_Unlock) for SYS_Unlock
    clk.o(i.CLK_DisableXtalRC) refers to sys.o(i.SYS_Lock) for SYS_Lock
    clk.o(i.CLK_EnableLDO) refers to sys.o(i.SYS_Unlock) for SYS_Unlock
    clk.o(i.CLK_EnableLDO) refers to sys.o(i.SYS_Lock) for SYS_Lock
    clk.o(i.CLK_EnableXtalRC) refers to sys.o(i.SYS_Unlock) for SYS_Unlock
    clk.o(i.CLK_EnableXtalRC) refers to sys.o(i.SYS_Lock) for SYS_Lock
    clk.o(i.CLK_GetHCLKFreq) refers to system_n575.o(i.SystemCoreClockUpdate) for SystemCoreClockUpdate
    clk.o(i.CLK_GetHCLKFreq) refers to system_n575.o(.data) for SystemCoreClock
    clk.o(i.CLK_GetHIRCFreq) refers to system_n575.o(.data) for gau32HiRCSrcTbl
    clk.o(i.CLK_SetHCLK) refers to sys.o(i.SYS_Unlock) for SYS_Unlock
    clk.o(i.CLK_SetHCLK) refers to sys.o(i.SYS_Lock) for SYS_Lock
    clk.o(i.CLK_SetHCLK) refers to system_n575.o(i.SystemCoreClockUpdate) for SystemCoreClockUpdate
    clk.o(i.CLK_SetSysTickClockSrc) refers to sys.o(i.SYS_Unlock) for SYS_Unlock
    clk.o(i.CLK_SetSysTickClockSrc) refers to sys.o(i.SYS_Lock) for SYS_Lock
    clk.o(i.CLK_Sleep) refers to sys.o(i.SYS_Unlock) for SYS_Unlock
    clk.o(i.CLK_Sleep) refers to sys.o(i.SYS_Lock) for SYS_Lock
    clk.o(i.CLK_StandbyPowerDown) refers to sys.o(i.SYS_Unlock) for SYS_Unlock
    clk.o(i.CLK_StandbyPowerDown) refers to sys.o(i.SYS_Lock) for SYS_Lock
    clk.o(i.CLK_SysTickDelay) refers to system_n575.o(.data) for CyclesPerUs
    adc.o(i.ADC_GetSampleRate) refers to clk.o(i.CLK_GetHCLKFreq) for CLK_GetHCLKFreq
    adc.o(i.ADC_GetSampleRate) refers to aeabi_sdiv.o(.text) for __aeabi_uidivmod
    adc.o(i.ADC_SetALCMaxGaindB) refers to aeabi_sdiv.o(.text) for __aeabi_idivmod
    adc.o(i.ADC_SetALCMinGaindB) refers to aeabi_sdiv.o(.text) for __aeabi_idivmod
    adc.o(i.ADC_SetALCTargetLevel) refers to aeabi_sdiv.o(.text) for __aeabi_idivmod
    adc.o(i.ADC_SetGPIOChannel) refers to adc.o(i.ADC_SetAMUX) for ADC_SetAMUX
    adc.o(i.ADC_SetGPIOChannel) refers to gpio.o(i.GPIO_SetMode) for GPIO_SetMode
    adc.o(i.ADC_SetPGAGaindB) refers to aeabi_sdiv.o(.text) for __aeabi_idivmod
    keypad.o(i.Keypad_GetTouchEnablePin) refers to keypad.o(.bss) for .bss
    keypad.o(i.Keypad_InitKey) refers to keypad.o(i.Keypad_InitKeyMatrixPort) for Keypad_InitKeyMatrixPort
    keypad.o(i.Keypad_InitKey) refers to keypad.o(.bss) for .bss
    keypad.o(i.Keypad_InitKeyMatrixPort) refers to keypad.o(.bss) for .bss
    keypad.o(i.Keypad_InitKeypad) refers to keypad.o(.data) for .data
    keypad.o(i.Keypad_InitTgr) refers to keypad.o(.bss) for .bss
    keypad.o(i.Keypad_InitTouch) refers to keypad.o(i.Keypad_GetTouchEnablePin) for Keypad_GetTouchEnablePin
    keypad.o(i.Keypad_InitTouch) refers to gpio.o(i.GPIO_SetMode) for GPIO_SetMode
    keypad.o(i.Keypad_InitTouch) refers to capsense.o(i.CapSense_SelectCurrentSourceValue) for CapSense_SelectCurrentSourceValue
    keypad.o(i.Keypad_InitTouch) refers to capsense.o(i.CapSense_SetCycleCounts) for CapSense_SetCycleCounts
    keypad.o(i.Keypad_InitTouch) refers to keypad.o(i.Keypad_TouchCalibration) for Keypad_TouchCalibration
    keypad.o(i.Keypad_InitTouch) refers to keypad.o(i.Keypad_TouchStartIRQ) for Keypad_TouchStartIRQ
    keypad.o(i.Keypad_InitTouch) refers to keypad.o(.bss) for .bss
    keypad.o(i.Keypad_KeyDecDebounceCounter) refers to keypad.o(.bss) for .bss
    keypad.o(i.Keypad_KeyDecDebounceCounter) refers to keypad.o(.data) for .data
    keypad.o(i.Keypad_KeyMapHandler) refers to keypad.o(.bss) for .bss
    keypad.o(i.Keypad_KeyTouchPressCounter) refers to keypad.o(.bss) for .bss
    keypad.o(i.Keypad_ResetKey) refers to keypad.o(.bss) for .bss
    keypad.o(i.Keypad_ResetKey) refers to keypad.o(.data) for .data
    keypad.o(i.Keypad_ResetTgr) refers to keypad.o(.bss) for .bss
    keypad.o(i.Keypad_ResetTgr) refers to keypad.o(.data) for .data
    keypad.o(i.Keypad_ScanKey) refers to keypad.o(i.Keypad_ScanKeyPort) for Keypad_ScanKeyPort
    keypad.o(i.Keypad_ScanKey) refers to keypad.o(i.Keypad_KeyMapHandler) for Keypad_KeyMapHandler
    keypad.o(i.Keypad_ScanKey) refers to keypad.o(.bss) for .bss
    keypad.o(i.Keypad_ScanKey) refers to keypad.o(.data) for .data
    keypad.o(i.Keypad_ScanKeyPort) refers to keypad.o(.bss) for .bss
    keypad.o(i.Keypad_ScanKeyPort) refers to keypad.o(.data) for .data
    keypad.o(i.Keypad_ScanTgr) refers to keypad.o(i.Keypad_ScanTgrPort) for Keypad_ScanTgrPort
    keypad.o(i.Keypad_ScanTgr) refers to keypad.o(i.Keypad_TgrMapHandler) for Keypad_TgrMapHandler
    keypad.o(i.Keypad_ScanTgr) refers to keypad.o(.bss) for .bss
    keypad.o(i.Keypad_ScanTgr) refers to keypad.o(.data) for .data
    keypad.o(i.Keypad_ScanTgrPort) refers to keypad.o(.bss) for .bss
    keypad.o(i.Keypad_ScanTgrPort) refers to keypad.o(.data) for .data
    keypad.o(i.Keypad_ScanTouch) refers to keypad.o(i.Keypad_TouchCaptureState) for Keypad_TouchCaptureState
    keypad.o(i.Keypad_ScanTouch) refers to keypad.o(i.Keypad_TouchMapHandler) for Keypad_TouchMapHandler
    keypad.o(i.Keypad_ScanTouch) refers to keypad.o(i.Keypad_GetTouchEnablePin) for Keypad_GetTouchEnablePin
    keypad.o(i.Keypad_ScanTouch) refers to keypad.o(i.Keypad_TouchStartIRQ) for Keypad_TouchStartIRQ
    keypad.o(i.Keypad_ScanTouch) refers to keypad.o(.data) for .data
    keypad.o(i.Keypad_ScanTouch) refers to keypad.o(.bss) for .bss
    keypad.o(i.Keypad_TgrDecDebounceCounter) refers to keypad.o(.bss) for .bss
    keypad.o(i.Keypad_TgrDecDebounceCounter) refers to keypad.o(.data) for .data
    keypad.o(i.Keypad_TgrMapHandler) refers to keypad.o(.bss) for .bss
    keypad.o(i.Keypad_TouchCalibration) refers to keypad.o(i.Keypad_TouchStartIRQ) for Keypad_TouchStartIRQ
    keypad.o(i.Keypad_TouchCalibration) refers to capsense.o(i.CapSense_GetCounter) for CapSense_GetCounter
    keypad.o(i.Keypad_TouchCalibration) refers to keypad.o(.bss) for .bss
    keypad.o(i.Keypad_TouchCalibration) refers to keypad.o(.data) for .data
    keypad.o(i.Keypad_TouchCapSense) refers to keypad.o(.data) for .data
    keypad.o(i.Keypad_TouchCaptureState) refers to capsense.o(i.CapSense_GetCounter) for CapSense_GetCounter
    keypad.o(i.Keypad_TouchCaptureState) refers to keypad.o(.bss) for .bss
    keypad.o(i.Keypad_TouchMapHandler) refers to keypad.o(.bss) for .bss
    keypad.o(i.Keypad_TouchMapHandler) refers to keypad.o(.data) for .data
    keypad.o(i.Keypad_TouchStartIRQ) refers to capsense.o(i.CapSense_ResetCounter) for CapSense_ResetCounter
    __2printf.o(.text) refers to _printf_char_file.o(.text) for _printf_char_file
    __2printf.o(.text) refers to retarget.o(.data) for __stdout
    noretval__2printf.o(.text) refers to _printf_char_file.o(.text) for _printf_char_file
    noretval__2printf.o(.text) refers to retarget.o(.data) for __stdout
    __printf.o(.text) refers to _printf_percent.o(.ARM.Collect$$_printf_percent$$00000000) for _printf_percent
    _printf_hex_ll.o(.text) refers to _printf_intcommon.o(.text) for _printf_int_common
    _printf_hex_ll.o(.text) refers to _printf_hex_ll.o(.constdata) for .constdata
    _printf_hex_int.o(.text) refers to _printf_intcommon.o(.text) for _printf_int_common
    _printf_hex_int.o(.text) refers to _printf_hex_int.o(.constdata) for .constdata
    _printf_hex_int_ll.o(.text) refers to _printf_intcommon.o(.text) for _printf_int_common
    _printf_hex_int_ll.o(.text) refers to _printf_hex_int_ll.o(.constdata) for .constdata
    _printf_hex_ptr.o(.text) refers to _printf_intcommon.o(.text) for _printf_int_common
    _printf_hex_ptr.o(.text) refers to _printf_hex_ptr.o(.constdata) for .constdata
    _printf_hex_int_ptr.o(.text) refers to _printf_intcommon.o(.text) for _printf_int_common
    _printf_hex_int_ptr.o(.text) refers to _printf_hex_int_ptr.o(.constdata) for .constdata
    _printf_hex_ll_ptr.o(.text) refers to _printf_intcommon.o(.text) for _printf_int_common
    _printf_hex_ll_ptr.o(.text) refers to _printf_hex_ll_ptr.o(.constdata) for .constdata
    _printf_hex_int_ll_ptr.o(.text) refers to _printf_intcommon.o(.text) for _printf_int_common
    _printf_hex_int_ll_ptr.o(.text) refers to _printf_hex_int_ll_ptr.o(.constdata) for .constdata
    __printf_flags.o(.text) refers to _printf_percent.o(.ARM.Collect$$_printf_percent$$00000000) for _printf_percent
    __printf_flags.o(.text) refers to __printf_flags.o(.constdata) for .constdata
    __printf_ss.o(.text) refers to _printf_percent.o(.ARM.Collect$$_printf_percent$$00000000) for _printf_percent
    __printf_flags_ss.o(.text) refers to _printf_percent.o(.ARM.Collect$$_printf_percent$$00000000) for _printf_percent
    __printf_flags_ss.o(.text) refers to __printf_flags_ss.o(.constdata) for .constdata
    __printf_wp.o(.text) refers to __printf_wp.o(i._is_digit) for _is_digit
    __printf_wp.o(.text) refers to _printf_percent.o(.ARM.Collect$$_printf_percent$$00000000) for _printf_percent
    __printf_flags_wp.o(.text) refers to __printf_wp.o(i._is_digit) for _is_digit
    __printf_flags_wp.o(.text) refers to _printf_percent.o(.ARM.Collect$$_printf_percent$$00000000) for _printf_percent
    __printf_flags_wp.o(.text) refers to __printf_flags_wp.o(.constdata) for .constdata
    __printf_ss_wp.o(.text) refers to __printf_wp.o(i._is_digit) for _is_digit
    __printf_ss_wp.o(.text) refers to _printf_percent.o(.ARM.Collect$$_printf_percent$$00000000) for _printf_percent
    __printf_flags_ss_wp.o(.text) refers to __printf_wp.o(i._is_digit) for _is_digit
    __printf_flags_ss_wp.o(.text) refers to _printf_percent.o(.ARM.Collect$$_printf_percent$$00000000) for _printf_percent
    __printf_flags_ss_wp.o(.text) refers to __printf_flags_ss_wp.o(.constdata) for .constdata
    _printf_x.o(.ARM.Collect$$_printf_percent$$0000000C) refers (Weak) to _printf_hex_int.o(.text) for _printf_int_hex
    _printf_percent.o(.ARM.Collect$$_printf_percent$$00000000) refers (Special) to _printf_percent_end.o(.ARM.Collect$$_printf_percent$$00000017) for _printf_percent_end
    __main.o(!!!main) refers to __rtentry.o(.ARM.Collect$$rtentry$$00000000) for __rt_entry
    __rtentry.o(.ARM.Collect$$rtentry$$00000000) refers (Special) to __rtentry2.o(.ARM.Collect$$rtentry$$0000000A) for __rt_entry_li
    __rtentry.o(.ARM.Collect$$rtentry$$00000000) refers (Special) to __rtentry2.o(.ARM.Collect$$rtentry$$0000000D) for __rt_entry_main
    __rtentry.o(.ARM.Collect$$rtentry$$00000000) refers (Special) to __rtentry2.o(.ARM.Collect$$rtentry$$0000000C) for __rt_entry_postli_1
    __rtentry.o(.ARM.Collect$$rtentry$$00000000) refers (Special) to __rtentry2.o(.ARM.Collect$$rtentry$$00000009) for __rt_entry_postsh_1
    __rtentry.o(.ARM.Collect$$rtentry$$00000000) refers (Special) to __rtentry2.o(.ARM.Collect$$rtentry$$00000002) for __rt_entry_presh_1
    __rtentry.o(.ARM.Collect$$rtentry$$00000000) refers (Special) to __rtentry4.o(.ARM.Collect$$rtentry$$00000004) for __rt_entry_sh
    aeabi_idiv0_sigfpe.o(.text) refers to rt_div0.o(.text) for __rt_div0
    _printf_char_file.o(.text) refers to _printf_char_common.o(.text) for _printf_char_common
    _printf_char_file.o(.text) refers to retarget.o(i.ferror) for ferror
    _printf_char_file.o(.text) refers to retarget.o(i.fputc) for fputc
    __rtentry2.o(.ARM.Collect$$rtentry$$00000008) refers to boardinit2.o(.text) for _platform_post_stackheap_init
    __rtentry2.o(.ARM.Collect$$rtentry$$0000000A) refers to libinit.o(.ARM.Collect$$libinit$$00000000) for __rt_lib_init
    __rtentry2.o(.ARM.Collect$$rtentry$$0000000B) refers to boardinit3.o(.text) for _platform_post_lib_init
    __rtentry2.o(.ARM.Collect$$rtentry$$0000000D) refers to main.o(i.main) for main
    __rtentry2.o(.ARM.Collect$$rtentry$$0000000D) refers to exit.o(.text) for exit
    __rtentry2.o(.ARM.exidx) refers to __rtentry2.o(.ARM.Collect$$rtentry$$00000001) for .ARM.Collect$$rtentry$$00000001
    __rtentry2.o(.ARM.exidx) refers to __rtentry2.o(.ARM.Collect$$rtentry$$00000008) for .ARM.Collect$$rtentry$$00000008
    __rtentry2.o(.ARM.exidx) refers to __rtentry2.o(.ARM.Collect$$rtentry$$0000000A) for .ARM.Collect$$rtentry$$0000000A
    __rtentry2.o(.ARM.exidx) refers to __rtentry2.o(.ARM.Collect$$rtentry$$0000000B) for .ARM.Collect$$rtentry$$0000000B
    __rtentry2.o(.ARM.exidx) refers to __rtentry2.o(.ARM.Collect$$rtentry$$0000000D) for .ARM.Collect$$rtentry$$0000000D
    __rtentry4.o(.ARM.Collect$$rtentry$$00000004) refers to sys_stackheap_outer.o(.text) for __user_setup_stackheap
    __rtentry4.o(.ARM.exidx) refers to __rtentry4.o(.ARM.Collect$$rtentry$$00000004) for .ARM.Collect$$rtentry$$00000004
    rt_div0.o(.text) refers to defsig_fpe_outer.o(.text) for __rt_SIGFPE
    _printf_char_common.o(.text) refers to __printf_wp.o(.text) for __printf
    sys_stackheap_outer.o(.text) refers to libspace.o(.text) for __user_perproc_libspace
    sys_stackheap_outer.o(.text) refers to startup_n575_keil.o(.text) for __user_initial_stackheap
    sys_stackheap_outer.o(__vectab_stack_and_reset_area) refers to tempstk.o(.text) for __temporary_stack_top
    sys_stackheap_outer.o(__vectab_stack_and_reset_area) refers to __main.o(!!!main) for __main
    exit.o(.text) refers to rtexit.o(.ARM.Collect$$rtexit$$00000000) for __rt_exit
    defsig_fpe_outer.o(.text) refers to defsig_fpe_inner.o(.text) for __rt_SIGFPE_inner
    defsig_fpe_outer.o(.text) refers to defsig_exit.o(.text) for __sig_exit
    defsig_fpe_formal.o(.text) refers to rt_raise.o(.text) for __rt_raise
    libinit.o(.ARM.Collect$$libinit$$00000000) refers (Special) to libinit2.o(.ARM.Collect$$libinit$$0000002E) for __rt_lib_init_alloca_1
    libinit.o(.ARM.Collect$$libinit$$00000000) refers (Special) to libinit2.o(.ARM.Collect$$libinit$$0000002C) for __rt_lib_init_argv_1
    libinit.o(.ARM.Collect$$libinit$$00000000) refers (Special) to libinit2.o(.ARM.Collect$$libinit$$0000001B) for __rt_lib_init_atexit_1
    libinit.o(.ARM.Collect$$libinit$$00000000) refers (Special) to libinit2.o(.ARM.Collect$$libinit$$00000021) for __rt_lib_init_clock_1
    libinit.o(.ARM.Collect$$libinit$$00000000) refers (Special) to libinit2.o(.ARM.Collect$$libinit$$00000032) for __rt_lib_init_cpp_1
    libinit.o(.ARM.Collect$$libinit$$00000000) refers (Special) to libinit2.o(.ARM.Collect$$libinit$$00000030) for __rt_lib_init_exceptions_1
    libinit.o(.ARM.Collect$$libinit$$00000000) refers (Special) to libinit2.o(.ARM.Collect$$libinit$$00000002) for __rt_lib_init_fp_1
    libinit.o(.ARM.Collect$$libinit$$00000000) refers (Special) to libinit2.o(.ARM.Collect$$libinit$$0000001F) for __rt_lib_init_fp_trap_1
    libinit.o(.ARM.Collect$$libinit$$00000000) refers (Special) to libinit2.o(.ARM.Collect$$libinit$$00000023) for __rt_lib_init_getenv_1
    libinit.o(.ARM.Collect$$libinit$$00000000) refers (Special) to libinit2.o(.ARM.Collect$$libinit$$0000000A) for __rt_lib_init_heap_1
    libinit.o(.ARM.Collect$$libinit$$00000000) refers (Special) to libinit2.o(.ARM.Collect$$libinit$$00000011) for __rt_lib_init_lc_collate_1
    libinit.o(.ARM.Collect$$libinit$$00000000) refers (Special) to libinit2.o(.ARM.Collect$$libinit$$00000013) for __rt_lib_init_lc_ctype_1
    libinit.o(.ARM.Collect$$libinit$$00000000) refers (Special) to libinit2.o(.ARM.Collect$$libinit$$00000015) for __rt_lib_init_lc_monetary_1
    libinit.o(.ARM.Collect$$libinit$$00000000) refers (Special) to libinit2.o(.ARM.Collect$$libinit$$00000017) for __rt_lib_init_lc_numeric_1
    libinit.o(.ARM.Collect$$libinit$$00000000) refers (Special) to libinit2.o(.ARM.Collect$$libinit$$00000019) for __rt_lib_init_lc_time_1
    libinit.o(.ARM.Collect$$libinit$$00000000) refers (Special) to libinit2.o(.ARM.Collect$$libinit$$00000004) for __rt_lib_init_preinit_1
    libinit.o(.ARM.Collect$$libinit$$00000000) refers (Special) to libinit2.o(.ARM.Collect$$libinit$$0000000E) for __rt_lib_init_rand_1
    libinit.o(.ARM.Collect$$libinit$$00000000) refers (Special) to libinit2.o(.ARM.Collect$$libinit$$00000033) for __rt_lib_init_return
    libinit.o(.ARM.Collect$$libinit$$00000000) refers (Special) to libinit2.o(.ARM.Collect$$libinit$$0000001D) for __rt_lib_init_signal_1
    libinit.o(.ARM.Collect$$libinit$$00000000) refers (Special) to libinit2.o(.ARM.Collect$$libinit$$00000025) for __rt_lib_init_stdio_1
    libinit.o(.ARM.Collect$$libinit$$00000000) refers (Special) to libinit2.o(.ARM.Collect$$libinit$$0000000C) for __rt_lib_init_user_alloc_1
    libspace.o(.text) refers to libspace.o(.bss) for __libspace_start
    rtexit.o(.ARM.Collect$$rtexit$$00000000) refers (Special) to rtexit2.o(.ARM.Collect$$rtexit$$00000004) for __rt_exit_exit
    rtexit.o(.ARM.Collect$$rtexit$$00000000) refers (Special) to rtexit2.o(.ARM.Collect$$rtexit$$00000003) for __rt_exit_ls
    rtexit.o(.ARM.Collect$$rtexit$$00000000) refers (Special) to rtexit2.o(.ARM.Collect$$rtexit$$00000002) for __rt_exit_prels_1
    rtexit.o(.ARM.exidx) refers (Special) to rtexit2.o(.ARM.Collect$$rtexit$$00000004) for __rt_exit_exit
    rtexit.o(.ARM.exidx) refers (Special) to rtexit2.o(.ARM.Collect$$rtexit$$00000003) for __rt_exit_ls
    rtexit.o(.ARM.exidx) refers (Special) to rtexit2.o(.ARM.Collect$$rtexit$$00000002) for __rt_exit_prels_1
    rtexit.o(.ARM.exidx) refers to rtexit.o(.ARM.Collect$$rtexit$$00000000) for .ARM.Collect$$rtexit$$00000000
    rt_raise.o(.text) refers to __raise.o(.text) for __raise
    rt_raise.o(.text) refers to retarget.o(i._sys_exit) for _sys_exit
    defsig_exit.o(.text) refers to retarget.o(i._sys_exit) for _sys_exit
    defsig_fpe_inner.o(.text) refers to defsig_general.o(.text) for __default_signal_display
    libinit2.o(.ARM.Collect$$libinit$$00000010) refers to libinit2.o(.ARM.Collect$$libinit$$0000000F) for .ARM.Collect$$libinit$$0000000F
    libinit2.o(.ARM.Collect$$libinit$$00000012) refers to libinit2.o(.ARM.Collect$$libinit$$0000000F) for .ARM.Collect$$libinit$$0000000F
    libinit2.o(.ARM.Collect$$libinit$$00000014) refers to libinit2.o(.ARM.Collect$$libinit$$0000000F) for .ARM.Collect$$libinit$$0000000F
    libinit2.o(.ARM.Collect$$libinit$$00000016) refers to libinit2.o(.ARM.Collect$$libinit$$0000000F) for .ARM.Collect$$libinit$$0000000F
    libinit2.o(.ARM.Collect$$libinit$$00000018) refers to libinit2.o(.ARM.Collect$$libinit$$0000000F) for .ARM.Collect$$libinit$$0000000F
    libinit2.o(.ARM.Collect$$libinit$$00000026) refers to argv_veneer.o(.text) for __ARM_argv_veneer
    libinit2.o(.ARM.Collect$$libinit$$00000027) refers to argv_veneer.o(.text) for __ARM_argv_veneer
    rtexit2.o(.ARM.Collect$$rtexit$$00000003) refers to libshutdown.o(.ARM.Collect$$libshutdown$$00000000) for __rt_lib_shutdown
    rtexit2.o(.ARM.Collect$$rtexit$$00000004) refers to retarget.o(i._sys_exit) for _sys_exit
    rtexit2.o(.ARM.exidx) refers to rtexit2.o(.ARM.Collect$$rtexit$$00000001) for .ARM.Collect$$rtexit$$00000001
    rtexit2.o(.ARM.exidx) refers to rtexit2.o(.ARM.Collect$$rtexit$$00000003) for .ARM.Collect$$rtexit$$00000003
    rtexit2.o(.ARM.exidx) refers to rtexit2.o(.ARM.Collect$$rtexit$$00000004) for .ARM.Collect$$rtexit$$00000004
    __raise.o(.text) refers to defsig.o(CL$$defsig) for __default_signal_handler
    defsig_general.o(.text) refers to retarget.o(i._ttywrch) for _ttywrch
    defsig.o(CL$$defsig) refers to defsig_fpe_inner.o(.text) for __rt_SIGFPE_inner
    defsig.o(CL$$defsig) refers to defsig_rtmem_inner.o(.text) for __rt_SIGRTMEM_inner
    _get_argv_nomalloc.o(.text) refers (Special) to hrguard.o(.text) for __heap_region$guard
    _get_argv_nomalloc.o(.text) refers to defsig_rtmem_outer.o(.text) for __rt_SIGRTMEM
    _get_argv_nomalloc.o(.text) refers to sys_command.o(.text) for _sys_command_string
    libshutdown.o(.ARM.Collect$$libshutdown$$00000000) refers (Special) to libshutdown2.o(.ARM.Collect$$libshutdown$$00000006) for __rt_lib_shutdown_fp_trap_1
    libshutdown.o(.ARM.Collect$$libshutdown$$00000000) refers (Special) to libshutdown2.o(.ARM.Collect$$libshutdown$$0000000E) for __rt_lib_shutdown_heap_1
    libshutdown.o(.ARM.Collect$$libshutdown$$00000000) refers (Special) to libshutdown2.o(.ARM.Collect$$libshutdown$$0000000F) for __rt_lib_shutdown_return
    libshutdown.o(.ARM.Collect$$libshutdown$$00000000) refers (Special) to libshutdown2.o(.ARM.Collect$$libshutdown$$00000009) for __rt_lib_shutdown_signal_1
    libshutdown.o(.ARM.Collect$$libshutdown$$00000000) refers (Special) to libshutdown2.o(.ARM.Collect$$libshutdown$$00000003) for __rt_lib_shutdown_stdio_1
    libshutdown.o(.ARM.Collect$$libshutdown$$00000000) refers (Special) to libshutdown2.o(.ARM.Collect$$libshutdown$$0000000B) for __rt_lib_shutdown_user_alloc_1
    sys_command.o(.text) refers (Special) to use_no_semi.o(.text) for __I$use$semihosting
    sys_command.o(.text) refers (Special) to indicate_semi.o(.text) for __semihosting_library_function
    defsig_abrt_inner.o(.text) refers to defsig_general.o(.text) for __default_signal_display
    defsig_rtred_inner.o(.text) refers to defsig_general.o(.text) for __default_signal_display
    defsig_rtmem_inner.o(.text) refers to defsig_general.o(.text) for __default_signal_display
    defsig_rtmem_outer.o(.text) refers to defsig_rtmem_inner.o(.text) for __rt_SIGRTMEM_inner
    defsig_rtmem_outer.o(.text) refers to defsig_exit.o(.text) for __sig_exit
    defsig_rtmem_formal.o(.text) refers to rt_raise.o(.text) for __rt_raise
    defsig_stak_inner.o(.text) refers to defsig_general.o(.text) for __default_signal_display
    defsig_pvfn_inner.o(.text) refers to defsig_general.o(.text) for __default_signal_display
    defsig_cppl_inner.o(.text) refers to defsig_general.o(.text) for __default_signal_display
    defsig_segv_inner.o(.text) refers to defsig_general.o(.text) for __default_signal_display
    defsig_other.o(.text) refers to defsig_general.o(.text) for __default_signal_display


==============================================================================

Removing Unused input sections from the image.

    Removing system_n575.o(.rev16_text), (4 bytes).
    Removing system_n575.o(.revsh_text), (4 bytes).
    Removing system_n575.o(i.SystemInit), (2 bytes).
    Removing main.o(.rev16_text), (4 bytes).
    Removing main.o(.revsh_text), (4 bytes).
    Removing uart.o(.rev16_text), (4 bytes).
    Removing uart.o(.revsh_text), (4 bytes).
    Removing uart.o(i.UART_ClearIntFlag), (80 bytes).
    Removing uart.o(i.UART_Close), (6 bytes).
    Removing uart.o(i.UART_DisableFlowCtrl), (12 bytes).
    Removing uart.o(i.UART_EnableFlowCtrl), (38 bytes).
    Removing uart.o(i.UART_Read), (36 bytes).
    Removing uart.o(i.UART_SelectIrDAMode), (50 bytes).
    Removing uart.o(i.UART_SetLine_Config), (120 bytes).
    Removing uart.o(i.UART_SetTimeoutCnt), (22 bytes).
    Removing uart.o(i.UART_Write), (36 bytes).
    Removing sys.o(.rev16_text), (4 bytes).
    Removing sys.o(.revsh_text), (4 bytes).
    Removing sys.o(i.SYS_ClearResetSrc), (16 bytes).
    Removing sys.o(i.SYS_GetResetSrc), (8 bytes).
    Removing sys.o(i.SYS_IsRegLocked), (20 bytes).
    Removing sys.o(i.SYS_ReadPDID), (8 bytes).
    Removing sys.o(i.SYS_ResetCPU), (32 bytes).
    Removing sys.o(i.SYS_ResetChip), (32 bytes).
    Removing spi.o(.rev16_text), (4 bytes).
    Removing spi.o(.revsh_text), (4 bytes).
    Removing spi.o(i.SPI_Close), (44 bytes).
    Removing spi.o(i.SPI_GetVarClock), (24 bytes).
    Removing retarget.o(.rev16_text), (4 bytes).
    Removing retarget.o(.revsh_text), (4 bytes).
    Removing retarget.o(i.GetChar), (72 bytes).
    Removing retarget.o(i.Hard_Fault_Handler), (44 bytes).
    Removing retarget.o(i._ttywrch), (12 bytes).
    Removing retarget.o(i.fgetc), (10 bytes).
    Removing retarget.o(i.kbhit), (16 bytes).
    Removing retarget.o(i.stackDump), (168 bytes).
    Removing pdma.o(.rev16_text), (4 bytes).
    Removing pdma.o(.revsh_text), (4 bytes).
    Removing pdma.o(i.PDMA_Close), (12 bytes).
    Removing pdma.o(i.PDMA_DisableInt), (20 bytes).
    Removing pdma.o(i.PDMA_EnableInt), (20 bytes).
    Removing pdma.o(i.PDMA_Open), (20 bytes).
    Removing pdma.o(i.PDMA_SetTransferAddr), (36 bytes).
    Removing pdma.o(i.PDMA_SetTransferCnt), (72 bytes).
    Removing pdma.o(i.PDMA_SetTransferDirection), (24 bytes).
    Removing pdma.o(i.PDMA_SetTransferMode), (232 bytes).
    Removing pdma.o(i.PDMA_Trigger), (24 bytes).
    Removing fmc.o(.rev16_text), (4 bytes).
    Removing fmc.o(.revsh_text), (4 bytes).
    Removing fmc.o(i.FMC_Close), (20 bytes).
    Removing fmc.o(i.FMC_DisableConfigUpdate), (20 bytes).
    Removing fmc.o(i.FMC_DisableLDUpdate), (20 bytes).
    Removing fmc.o(i.FMC_EnableConfigUpdate), (20 bytes).
    Removing fmc.o(i.FMC_EnableLDUpdate), (20 bytes).
    Removing fmc.o(i.FMC_Erase), (72 bytes).
    Removing fmc.o(i.FMC_GetBootSource), (24 bytes).
    Removing fmc.o(i.FMC_Open), (20 bytes).
    Removing fmc.o(i.FMC_Read), (36 bytes).
    Removing fmc.o(i.FMC_ReadCID), (36 bytes).
    Removing fmc.o(i.FMC_ReadConfig), (36 bytes).
    Removing fmc.o(i.FMC_ReadDID), (36 bytes).
    Removing fmc.o(i.FMC_ReadDataFlashBaseAddr), (12 bytes).
    Removing fmc.o(i.FMC_SetBootSource), (36 bytes).
    Removing fmc.o(i.FMC_Write), (40 bytes).
    Removing fmc.o(i.FMC_WriteConfig), (70 bytes).
    Removing clk.o(.rev16_text), (4 bytes).
    Removing clk.o(.revsh_text), (4 bytes).
    Removing clk.o(i.CLK_DeepPowerDown), (152 bytes).
    Removing clk.o(i.CLK_DeepSleep), (68 bytes).
    Removing clk.o(i.CLK_DisableLDO), (32 bytes).
    Removing clk.o(i.CLK_DisableModuleClock), (36 bytes).
    Removing clk.o(i.CLK_DisableXtalRC), (32 bytes).
    Removing clk.o(i.CLK_EnableLDO), (64 bytes).
    Removing clk.o(i.CLK_GetHIRCFreq), (28 bytes).
    Removing clk.o(i.CLK_GetLXTFreq), (24 bytes).
    Removing clk.o(i.CLK_SetModuleClock), (100 bytes).
    Removing clk.o(i.CLK_SetSysTickClockSrc), (36 bytes).
    Removing clk.o(i.CLK_Sleep), (52 bytes).
    Removing clk.o(i.CLK_StandbyPowerDown), (68 bytes).
    Removing clk.o(i.CLK_SysTickDelay), (44 bytes).
    Removing gpio.o(.rev16_text), (4 bytes).
    Removing gpio.o(.revsh_text), (4 bytes).
    Removing gpio.o(i.GPIO_DisableInt), (28 bytes).
    Removing gpio.o(i.GPIO_EnableInt), (26 bytes).
    Removing gpio.o(i.GPIO_SetMode), (46 bytes).
    Removing adc.o(.rev16_text), (4 bytes).
    Removing adc.o(.revsh_text), (4 bytes).
    Removing adc.o(i.ADC_ClearIntFlag), (72 bytes).
    Removing adc.o(i.ADC_Close), (2 bytes).
    Removing adc.o(i.ADC_DisableInt), (92 bytes).
    Removing adc.o(i.ADC_DisableMICBias), (16 bytes).
    Removing adc.o(i.ADC_EnableInt), (132 bytes).
    Removing adc.o(i.ADC_EnableMICBias), (20 bytes).
    Removing adc.o(i.ADC_GetIntFlag), (68 bytes).
    Removing adc.o(i.ADC_GetPGAGaindB), (24 bytes).
    Removing adc.o(i.ADC_GetSampleRate), (96 bytes).
    Removing adc.o(i.ADC_Open), (2 bytes).
    Removing adc.o(i.ADC_SetALCMaxGaindB), (84 bytes).
    Removing adc.o(i.ADC_SetALCMinGaindB), (80 bytes).
    Removing adc.o(i.ADC_SetALCTargetLevel), (80 bytes).
    Removing adc.o(i.ADC_SetAMUX), (96 bytes).
    Removing adc.o(i.ADC_SetGPIOChannel), (44 bytes).
    Removing adc.o(i.ADC_SetPGAGaindB), (64 bytes).
    Removing keypad.o(.rev16_text), (4 bytes).
    Removing keypad.o(.revsh_text), (4 bytes).
    Removing keypad.o(i.Keypad_GetTouchEnablePin), (40 bytes).
    Removing keypad.o(i.Keypad_InitKey), (88 bytes).
    Removing keypad.o(i.Keypad_InitKeyMatrixPort), (68 bytes).
    Removing keypad.o(i.Keypad_InitKeypad), (12 bytes).
    Removing keypad.o(i.Keypad_InitTgr), (40 bytes).
    Removing keypad.o(i.Keypad_InitTouch), (96 bytes).
    Removing keypad.o(i.Keypad_KeyDecDebounceCounter), (40 bytes).
    Removing keypad.o(i.Keypad_KeyMapHandler), (132 bytes).
    Removing keypad.o(i.Keypad_KeyTouchPressCounter), (44 bytes).
    Removing keypad.o(i.Keypad_ResetKey), (28 bytes).
    Removing keypad.o(i.Keypad_ResetTgr), (24 bytes).
    Removing keypad.o(i.Keypad_ScanKey), (128 bytes).
    Removing keypad.o(i.Keypad_ScanKeyPort), (172 bytes).
    Removing keypad.o(i.Keypad_ScanTgr), (96 bytes).
    Removing keypad.o(i.Keypad_ScanTgrPort), (84 bytes).
    Removing keypad.o(i.Keypad_ScanTouch), (64 bytes).
    Removing keypad.o(i.Keypad_TgrDecDebounceCounter), (40 bytes).
    Removing keypad.o(i.Keypad_TgrMapHandler), (104 bytes).
    Removing keypad.o(i.Keypad_TouchCalibration), (120 bytes).
    Removing keypad.o(i.Keypad_TouchCapSense), (12 bytes).
    Removing keypad.o(i.Keypad_TouchCaptureState), (176 bytes).
    Removing keypad.o(i.Keypad_TouchMapHandler), (176 bytes).
    Removing keypad.o(i.Keypad_TouchStartIRQ), (32 bytes).
    Removing keypad.o(.bss), (120 bytes).
    Removing keypad.o(.data), (10 bytes).
    Removing capsense.o(.rev16_text), (4 bytes).
    Removing capsense.o(.revsh_text), (4 bytes).
    Removing capsense.o(i.CapSense_GetCounter), (12 bytes).
    Removing capsense.o(i.CapSense_ResetCounter), (32 bytes).
    Removing capsense.o(i.CapSense_SelectCurrentSourceValue), (28 bytes).
    Removing capsense.o(i.CapSense_SetCycleCounts), (40 bytes).
    Removing pdma.o(i.__ARM_common_switch8), (28 bytes).

137 unused section(s) (total 5884 bytes) removed from the image.

==============================================================================

Image Symbol Table

    Local Symbols

    Symbol Name                              Value     Ov Type        Size  Object(Section)

    RESET                                    0x00000000   Section      192  startup_n575_keil.o(RESET)
    ../clib/angel/boardlib.s                 0x00000000   Number         0  boardinit3.o ABSOLUTE
    ../clib/angel/boardlib.s                 0x00000000   Number         0  boardinit2.o ABSOLUTE
    ../clib/angel/boardlib.s                 0x00000000   Number         0  boardinit1.o ABSOLUTE
    ../clib/angel/boardlib.s                 0x00000000   Number         0  boardshut.o ABSOLUTE
    ../clib/angel/handlers.s                 0x00000000   Number         0  __scatter_copy.o ABSOLUTE
    ../clib/angel/handlers.s                 0x00000000   Number         0  __scatter_zi.o ABSOLUTE
    ../clib/angel/kernel.s                   0x00000000   Number         0  __rtentry2.o ABSOLUTE
    ../clib/angel/kernel.s                   0x00000000   Number         0  __rtentry4.o ABSOLUTE
    ../clib/angel/kernel.s                   0x00000000   Number         0  __rtentry.o ABSOLUTE
    ../clib/angel/kernel.s                   0x00000000   Number         0  rtexit.o ABSOLUTE
    ../clib/angel/kernel.s                   0x00000000   Number         0  rtexit2.o ABSOLUTE
    ../clib/angel/rt.s                       0x00000000   Number         0  aeabi_idiv0_sigfpe.o ABSOLUTE
    ../clib/angel/rt.s                       0x00000000   Number         0  rt_div0.o ABSOLUTE
    ../clib/angel/rt.s                       0x00000000   Number         0  rt_raise.o ABSOLUTE
    ../clib/angel/rt.s                       0x00000000   Number         0  aeabi_idiv0.o ABSOLUTE
    ../clib/angel/scatterp.s                 0x00000000   Number         0  __scatter.o ABSOLUTE
    ../clib/angel/startup.s                  0x00000000   Number         0  __main.o ABSOLUTE
    ../clib/angel/sys.s                      0x00000000   Number         0  sys_stackheap_outer.o ABSOLUTE
    ../clib/angel/sys.s                      0x00000000   Number         0  indicate_semi.o ABSOLUTE
    ../clib/angel/sys.s                      0x00000000   Number         0  use_no_semi.o ABSOLUTE
    ../clib/angel/sys.s                      0x00000000   Number         0  tempstk.o ABSOLUTE
    ../clib/angel/sys.s                      0x00000000   Number         0  libspace.o ABSOLUTE
    ../clib/angel/sysapp.c                   0x00000000   Number         0  sys_command.o ABSOLUTE
    ../clib/armsys.c                         0x00000000   Number         0  _get_argv_nomalloc.o ABSOLUTE
    ../clib/armsys.c                         0x00000000   Number         0  no_argv.o ABSOLUTE
    ../clib/armsys.c                         0x00000000   Number         0  argv_veneer.o ABSOLUTE
    ../clib/division.s                       0x00000000   Number         0  aeabi_sdiv_div0.o ABSOLUTE
    ../clib/division.s                       0x00000000   Number         0  aeabi_sdiv.o ABSOLUTE
    ../clib/heapalloc.c                      0x00000000   Number         0  hrguard.o ABSOLUTE
    ../clib/heapaux.c                        0x00000000   Number         0  heapauxi.o ABSOLUTE
    ../clib/libinit.s                        0x00000000   Number         0  libshutdown.o ABSOLUTE
    ../clib/libinit.s                        0x00000000   Number         0  libinit2.o ABSOLUTE
    ../clib/libinit.s                        0x00000000   Number         0  libshutdown2.o ABSOLUTE
    ../clib/libinit.s                        0x00000000   Number         0  libinit.o ABSOLUTE
    ../clib/memcpset.c                       0x00000000   Number         0  rt_memclr.o ABSOLUTE
    ../clib/misc.s                           0x00000000   Number         0  printf_stubs.o ABSOLUTE
    ../clib/printf.c                         0x00000000   Number         0  _printf_hex_ptr.o ABSOLUTE
    ../clib/printf.c                         0x00000000   Number         0  _printf_hex_int_ll.o ABSOLUTE
    ../clib/printf.c                         0x00000000   Number         0  _printf_intcommon.o ABSOLUTE
    ../clib/printf.c                         0x00000000   Number         0  __2printf.o ABSOLUTE
    ../clib/printf.c                         0x00000000   Number         0  noretval__2printf.o ABSOLUTE
    ../clib/printf.c                         0x00000000   Number         0  _printf_char_file.o ABSOLUTE
    ../clib/printf.c                         0x00000000   Number         0  _printf_hex_ll.o ABSOLUTE
    ../clib/printf.c                         0x00000000   Number         0  _printf_hex_int.o ABSOLUTE
    ../clib/printf.c                         0x00000000   Number         0  __printf_wp.o ABSOLUTE
    ../clib/printf.c                         0x00000000   Number         0  __printf_flags_ss_wp.o ABSOLUTE
    ../clib/printf.c                         0x00000000   Number         0  __printf_ss_wp.o ABSOLUTE
    ../clib/printf.c                         0x00000000   Number         0  __printf_flags_wp.o ABSOLUTE
    ../clib/printf.c                         0x00000000   Number         0  __printf.o ABSOLUTE
    ../clib/printf.c                         0x00000000   Number         0  __printf_flags_ss.o ABSOLUTE
    ../clib/printf.c                         0x00000000   Number         0  __printf_ss.o ABSOLUTE
    ../clib/printf.c                         0x00000000   Number         0  _printf_hex_int_ll_ptr.o ABSOLUTE
    ../clib/printf.c                         0x00000000   Number         0  _printf_char_common.o ABSOLUTE
    ../clib/printf.c                         0x00000000   Number         0  _printf_hex_ll_ptr.o ABSOLUTE
    ../clib/printf.c                         0x00000000   Number         0  __printf_nopercent.o ABSOLUTE
    ../clib/printf.c                         0x00000000   Number         0  _printf_hex_int_ptr.o ABSOLUTE
    ../clib/printf.c                         0x00000000   Number         0  __printf_flags.o ABSOLUTE
    ../clib/printf_percent.s                 0x00000000   Number         0  _printf_percent.o ABSOLUTE
    ../clib/printf_percent.s                 0x00000000   Number         0  _printf_percent_end.o ABSOLUTE
    ../clib/printf_percent.s                 0x00000000   Number         0  _printf_x.o ABSOLUTE
    ../clib/signal.c                         0x00000000   Number         0  defsig_rtmem_formal.o ABSOLUTE
    ../clib/signal.c                         0x00000000   Number         0  defsig_rtmem_outer.o ABSOLUTE
    ../clib/signal.c                         0x00000000   Number         0  defsig_rtmem_inner.o ABSOLUTE
    ../clib/signal.c                         0x00000000   Number         0  defsig_rtred_inner.o ABSOLUTE
    ../clib/signal.c                         0x00000000   Number         0  defsig_abrt_inner.o ABSOLUTE
    ../clib/signal.c                         0x00000000   Number         0  defsig_pvfn_inner.o ABSOLUTE
    ../clib/signal.c                         0x00000000   Number         0  defsig_fpe_inner.o ABSOLUTE
    ../clib/signal.c                         0x00000000   Number         0  defsig_other.o ABSOLUTE
    ../clib/signal.c                         0x00000000   Number         0  defsig_segv_inner.o ABSOLUTE
    ../clib/signal.c                         0x00000000   Number         0  defsig_cppl_inner.o ABSOLUTE
    ../clib/signal.c                         0x00000000   Number         0  defsig_stak_inner.o ABSOLUTE
    ../clib/signal.c                         0x00000000   Number         0  defsig_exit.o ABSOLUTE
    ../clib/signal.c                         0x00000000   Number         0  defsig_fpe_outer.o ABSOLUTE
    ../clib/signal.c                         0x00000000   Number         0  __raise.o ABSOLUTE
    ../clib/signal.c                         0x00000000   Number         0  defsig_general.o ABSOLUTE
    ../clib/signal.c                         0x00000000   Number         0  defsig_fpe_formal.o ABSOLUTE
    ../clib/signal.s                         0x00000000   Number         0  defsig.o ABSOLUTE
    ../clib/stdlib.c                         0x00000000   Number         0  exit.o ABSOLUTE
    ../clib/string.c                         0x00000000   Number         0  memcmp.o ABSOLUTE
    ../fplib/cfplib/fpinit.c                 0x00000000   Number         0  fpinit.o ABSOLUTE
    ..\Library\Device\Nuvoton\N575\Source\system_N575.c 0x00000000   Number         0  system_n575.o ABSOLUTE
    ..\Library\IO\src\Keypad.c               0x00000000   Number         0  keypad.o ABSOLUTE
    ..\Library\StdDriver\src\adc.c           0x00000000   Number         0  adc.o ABSOLUTE
    ..\Library\StdDriver\src\capsense.c      0x00000000   Number         0  capsense.o ABSOLUTE
    ..\Library\StdDriver\src\clk.c           0x00000000   Number         0  clk.o ABSOLUTE
    ..\Library\StdDriver\src\fmc.c           0x00000000   Number         0  fmc.o ABSOLUTE
    ..\Library\StdDriver\src\gpio.c          0x00000000   Number         0  gpio.o ABSOLUTE
    ..\Library\StdDriver\src\pdma.c          0x00000000   Number         0  pdma.o ABSOLUTE
    ..\Library\StdDriver\src\retarget.c      0x00000000   Number         0  retarget.o ABSOLUTE
    ..\Library\StdDriver\src\spi.c           0x00000000   Number         0  spi.o ABSOLUTE
    ..\Library\StdDriver\src\sys.c           0x00000000   Number         0  sys.o ABSOLUTE
    ..\Library\StdDriver\src\uart.c          0x00000000   Number         0  uart.o ABSOLUTE
    ..\\Library\\Device\\Nuvoton\\N575\\Source\\system_N575.c 0x00000000   Number         0  system_n575.o ABSOLUTE
    ..\\Library\\IO\\src\\Keypad.c           0x00000000   Number         0  keypad.o ABSOLUTE
    ..\\Library\\StdDriver\\src\\adc.c       0x00000000   Number         0  adc.o ABSOLUTE
    ..\\Library\\StdDriver\\src\\capsense.c  0x00000000   Number         0  capsense.o ABSOLUTE
    ..\\Library\\StdDriver\\src\\clk.c       0x00000000   Number         0  clk.o ABSOLUTE
    ..\\Library\\StdDriver\\src\\fmc.c       0x00000000   Number         0  fmc.o ABSOLUTE
    ..\\Library\\StdDriver\\src\\gpio.c      0x00000000   Number         0  gpio.o ABSOLUTE
    ..\\Library\\StdDriver\\src\\pdma.c      0x00000000   Number         0  pdma.o ABSOLUTE
    ..\\Library\\StdDriver\\src\\retarget.c  0x00000000   Number         0  retarget.o ABSOLUTE
    ..\\Library\\StdDriver\\src\\spi.c       0x00000000   Number         0  spi.o ABSOLUTE
    ..\\Library\\StdDriver\\src\\sys.c       0x00000000   Number         0  sys.o ABSOLUTE
    ..\\Library\\StdDriver\\src\\uart.c      0x00000000   Number         0  uart.o ABSOLUTE
    ..\\main.c                               0x00000000   Number         0  main.o ABSOLUTE
    ..\main.c                                0x00000000   Number         0  main.o ABSOLUTE
    startup_N575_Keil.s                      0x00000000   Number         0  startup_n575_keil.o ABSOLUTE
    !!!main                                  0x000000c0   Section        8  __main.o(!!!main)
    !!!scatter                               0x000000c8   Section       60  __scatter.o(!!!scatter)
    !!handler_copy                           0x00000104   Section       26  __scatter_copy.o(!!handler_copy)
    !!handler_zi                             0x00000120   Section       28  __scatter_zi.o(!!handler_zi)
    .ARM.Collect$$_printf_percent$$00000000  0x0000013c   Section        2  _printf_percent.o(.ARM.Collect$$_printf_percent$$00000000)
    .ARM.Collect$$_printf_percent$$0000000C  0x0000013e   Section       10  _printf_x.o(.ARM.Collect$$_printf_percent$$0000000C)
    .ARM.Collect$$_printf_percent$$00000017  0x00000148   Section        4  _printf_percent_end.o(.ARM.Collect$$_printf_percent$$00000017)
    .ARM.Collect$$libinit$$00000000          0x0000014c   Section        2  libinit.o(.ARM.Collect$$libinit$$00000000)
    .ARM.Collect$$libinit$$00000002          0x0000014e   Section        0  libinit2.o(.ARM.Collect$$libinit$$00000002)
    .ARM.Collect$$libinit$$00000004          0x0000014e   Section        0  libinit2.o(.ARM.Collect$$libinit$$00000004)
    .ARM.Collect$$libinit$$0000000A          0x0000014e   Section        0  libinit2.o(.ARM.Collect$$libinit$$0000000A)
    .ARM.Collect$$libinit$$0000000C          0x0000014e   Section        0  libinit2.o(.ARM.Collect$$libinit$$0000000C)
    .ARM.Collect$$libinit$$0000000E          0x0000014e   Section        0  libinit2.o(.ARM.Collect$$libinit$$0000000E)
    .ARM.Collect$$libinit$$00000011          0x0000014e   Section        0  libinit2.o(.ARM.Collect$$libinit$$00000011)
    .ARM.Collect$$libinit$$00000013          0x0000014e   Section        0  libinit2.o(.ARM.Collect$$libinit$$00000013)
    .ARM.Collect$$libinit$$00000015          0x0000014e   Section        0  libinit2.o(.ARM.Collect$$libinit$$00000015)
    .ARM.Collect$$libinit$$00000017          0x0000014e   Section        0  libinit2.o(.ARM.Collect$$libinit$$00000017)
    .ARM.Collect$$libinit$$00000019          0x0000014e   Section        0  libinit2.o(.ARM.Collect$$libinit$$00000019)
    .ARM.Collect$$libinit$$0000001B          0x0000014e   Section        0  libinit2.o(.ARM.Collect$$libinit$$0000001B)
    .ARM.Collect$$libinit$$0000001D          0x0000014e   Section        0  libinit2.o(.ARM.Collect$$libinit$$0000001D)
    .ARM.Collect$$libinit$$0000001F          0x0000014e   Section        0  libinit2.o(.ARM.Collect$$libinit$$0000001F)
    .ARM.Collect$$libinit$$00000021          0x0000014e   Section        0  libinit2.o(.ARM.Collect$$libinit$$00000021)
    .ARM.Collect$$libinit$$00000023          0x0000014e   Section        0  libinit2.o(.ARM.Collect$$libinit$$00000023)
    .ARM.Collect$$libinit$$00000025          0x0000014e   Section        0  libinit2.o(.ARM.Collect$$libinit$$00000025)
    .ARM.Collect$$libinit$$0000002C          0x0000014e   Section        0  libinit2.o(.ARM.Collect$$libinit$$0000002C)
    .ARM.Collect$$libinit$$0000002E          0x0000014e   Section        0  libinit2.o(.ARM.Collect$$libinit$$0000002E)
    .ARM.Collect$$libinit$$00000030          0x0000014e   Section        0  libinit2.o(.ARM.Collect$$libinit$$00000030)
    .ARM.Collect$$libinit$$00000032          0x0000014e   Section        0  libinit2.o(.ARM.Collect$$libinit$$00000032)
    .ARM.Collect$$libinit$$00000033          0x0000014e   Section        2  libinit2.o(.ARM.Collect$$libinit$$00000033)
    .ARM.Collect$$libshutdown$$00000000      0x00000150   Section        2  libshutdown.o(.ARM.Collect$$libshutdown$$00000000)
    .ARM.Collect$$libshutdown$$00000003      0x00000152   Section        0  libshutdown2.o(.ARM.Collect$$libshutdown$$00000003)
    .ARM.Collect$$libshutdown$$00000006      0x00000152   Section        0  libshutdown2.o(.ARM.Collect$$libshutdown$$00000006)
    .ARM.Collect$$libshutdown$$00000009      0x00000152   Section        0  libshutdown2.o(.ARM.Collect$$libshutdown$$00000009)
    .ARM.Collect$$libshutdown$$0000000B      0x00000152   Section        0  libshutdown2.o(.ARM.Collect$$libshutdown$$0000000B)
    .ARM.Collect$$libshutdown$$0000000E      0x00000152   Section        0  libshutdown2.o(.ARM.Collect$$libshutdown$$0000000E)
    .ARM.Collect$$libshutdown$$0000000F      0x00000152   Section        2  libshutdown2.o(.ARM.Collect$$libshutdown$$0000000F)
    .ARM.Collect$$rtentry$$00000000          0x00000154   Section        0  __rtentry.o(.ARM.Collect$$rtentry$$00000000)
    .ARM.Collect$$rtentry$$00000002          0x00000154   Section        0  __rtentry2.o(.ARM.Collect$$rtentry$$00000002)
    .ARM.Collect$$rtentry$$00000004          0x00000154   Section        6  __rtentry4.o(.ARM.Collect$$rtentry$$00000004)
    .ARM.Collect$$rtentry$$00000009          0x0000015a   Section        0  __rtentry2.o(.ARM.Collect$$rtentry$$00000009)
    .ARM.Collect$$rtentry$$0000000A          0x0000015a   Section        4  __rtentry2.o(.ARM.Collect$$rtentry$$0000000A)
    .ARM.Collect$$rtentry$$0000000C          0x0000015e   Section        0  __rtentry2.o(.ARM.Collect$$rtentry$$0000000C)
    .ARM.Collect$$rtentry$$0000000D          0x0000015e   Section        8  __rtentry2.o(.ARM.Collect$$rtentry$$0000000D)
    .ARM.Collect$$rtexit$$00000000           0x00000166   Section        2  rtexit.o(.ARM.Collect$$rtexit$$00000000)
    .ARM.Collect$$rtexit$$00000002           0x00000168   Section        0  rtexit2.o(.ARM.Collect$$rtexit$$00000002)
    .ARM.Collect$$rtexit$$00000003           0x00000168   Section        4  rtexit2.o(.ARM.Collect$$rtexit$$00000003)
    .ARM.Collect$$rtexit$$00000004           0x0000016c   Section        6  rtexit2.o(.ARM.Collect$$rtexit$$00000004)
    .emb_text                                0x00000174   Section       18  retarget.o(.emb_text)
    .text                                    0x00000188   Section       96  startup_n575_keil.o(.text)
    Default_Handler                          0x000001af   Thumb Code     2  startup_n575_keil.o(.text)
    .text                                    0x000001e8   Section        0  noretval__2printf.o(.text)
    .text                                    0x00000204   Section        0  _printf_hex_int.o(.text)
    .text                                    0x0000025c   Section        0  __printf_wp.o(.text)
    .text                                    0x0000036a   Section        0  memcmp.o(.text)
    .text                                    0x000003c4   Section        0  rt_memclr.o(.text)
    .text                                    0x00000404   Section      346  aeabi_sdiv.o(.text)
    .text                                    0x0000055e   Section        0  heapauxi.o(.text)
    .text                                    0x00000564   Section        0  _printf_intcommon.o(.text)
    .text                                    0x00000614   Section        0  _printf_char_file.o(.text)
    .text                                    0x0000063c   Section        0  _printf_char_common.o(.text)
    _printf_input_char                       0x0000063d   Thumb Code    10  _printf_char_common.o(.text)
    .text                                    0x0000066c   Section       62  sys_stackheap_outer.o(.text)
    .text                                    0x000006aa   Section        0  exit.o(.text)
    .text                                    0x000006b8   Section        8  libspace.o(.text)
    i.CLK_EnableModuleClock                  0x000006c0   Section        0  clk.o(i.CLK_EnableModuleClock)
    i.CLK_EnableXtalRC                       0x000006e4   Section        0  clk.o(i.CLK_EnableXtalRC)
    i.CLK_GetHCLKFreq                        0x00000704   Section        0  clk.o(i.CLK_GetHCLKFreq)
    i.CLK_SetHCLK                            0x00000714   Section        0  clk.o(i.CLK_SetHCLK)
    i.IsDebugFifoEmpty                       0x0000075c   Section        0  retarget.o(i.IsDebugFifoEmpty)
    i.SPI_GetBusClock                        0x0000076c   Section        0  spi.o(i.SPI_GetBusClock)
    i.SPI_Open                               0x00000784   Section        0  spi.o(i.SPI_Open)
    i.SPI_SetBusClock                        0x000007ac   Section        0  spi.o(i.SPI_SetBusClock)
    i.SPI_SetVarClock                        0x000007fc   Section        0  spi.o(i.SPI_SetVarClock)
    i.SYS_Init                               0x00000844   Section        0  main.o(i.SYS_Init)
    i.SYS_Lock                               0x00000920   Section        0  sys.o(i.SYS_Lock)
    i.SYS_LockReg                            0x00000930   Section        0  sys.o(i.SYS_LockReg)
    i.SYS_ResetModule                        0x0000093c   Section        0  sys.o(i.SYS_ResetModule)
    i.SYS_Unlock                             0x0000096c   Section        0  sys.o(i.SYS_Unlock)
    i.SYS_UnlockReg                          0x0000099c   Section        0  sys.o(i.SYS_UnlockReg)
    i.SendChar                               0x000009bc   Section        0  retarget.o(i.SendChar)
    i.SendChar_ToUART                        0x00000a2c   Section        0  retarget.o(i.SendChar_ToUART)
    i.SpiFlash_ChipErase                     0x00000a60   Section        0  main.o(i.SpiFlash_ChipErase)
    i.SpiFlash_Init                          0x00000ab8   Section        0  main.o(i.SpiFlash_Init)
    i.SpiFlash_NormalPageProgram             0x00000b2c   Section        0  main.o(i.SpiFlash_NormalPageProgram)
    i.SpiFlash_NormalRead                    0x00000bdc   Section        0  main.o(i.SpiFlash_NormalRead)
    i.SpiFlash_ReadMidDid                    0x00000c60   Section        0  main.o(i.SpiFlash_ReadMidDid)
    i.SpiFlash_ReadStatusReg                 0x00000c98   Section        0  main.o(i.SpiFlash_ReadStatusReg)
    i.SpiFlash_SendRxData                    0x00000cd0   Section        0  main.o(i.SpiFlash_SendRxData)
    i.SpiFlash_WaitReady                     0x00000d30   Section        0  main.o(i.SpiFlash_WaitReady)
    i.SystemCoreClockUpdate                  0x00000d44   Section        0  system_n575.o(i.SystemCoreClockUpdate)
    i.UART_Open                              0x00000dac   Section        0  uart.o(i.UART_Open)
    i._is_digit                              0x00000e14   Section        0  __printf_wp.o(i._is_digit)
    i._sys_exit                              0x00000e24   Section        0  retarget.o(i._sys_exit)
    i.ferror                                 0x00000e44   Section        0  retarget.o(i.ferror)
    i.fputc                                  0x00000e4c   Section        0  retarget.o(i.fputc)
    i.main                                   0x00000e5c   Section        0  main.o(i.main)
    .constdata                               0x00000fac   Section       40  _printf_hex_int.o(.constdata)
    uc_hextab                                0x00000fac   Data          20  _printf_hex_int.o(.constdata)
    lc_hextab                                0x00000fc0   Data          20  _printf_hex_int.o(.constdata)
    .conststring                             0x00000fd4   Section      232  main.o(.conststring)
    .data                                    0x20000000   Section       28  system_n575.o(.data)
    .data                                    0x2000001c   Section        9  retarget.o(.data)
    g_buf_len                                0x20000024   Data           1  retarget.o(.data)
    .bss                                     0x20000028   Section      512  main.o(.bss)
    .bss                                     0x20000228   Section       16  retarget.o(.bss)
    g_buf                                    0x20000228   Data          16  retarget.o(.bss)
    .bss                                     0x20000238   Section       96  libspace.o(.bss)
    HEAP                                     0x20000298   Section      512  startup_n575_keil.o(HEAP)
    Heap_Mem                                 0x20000298   Data         512  startup_n575_keil.o(HEAP)
    STACK                                    0x20000498   Section     1024  startup_n575_keil.o(STACK)
    Stack_Mem                                0x20000498   Data        1024  startup_n575_keil.o(STACK)
    __initial_sp                             0x20000898   Data           0  startup_n575_keil.o(STACK)

    Global Symbols

    Symbol Name                              Value     Ov Type        Size  Object(Section)

    BuildAttributes$$THM_ISAv3M$S$PE$A:L22$X:L11$S22$IEEE1$IW$USESV6$~STKCKD$USESV7$~SHL$OSPACE$ROPI$EBA8$UX$STANDARDLIB$REQ8$PRES8$EABIv2 0x00000000   Number         0  anon$$obj.o ABSOLUTE
    __ARM_use_no_argv                        0x00000000   Number         0  main.o ABSOLUTE
    __Vectors                                0x00000000   Data           4  startup_n575_keil.o(RESET)
    _printf_flags                            0x00000000   Number         0  printf_stubs.o ABSOLUTE
    _printf_return_value                     0x00000000   Number         0  printf_stubs.o ABSOLUTE
    _printf_sizespec                         0x00000000   Number         0  printf_stubs.o ABSOLUTE
    _printf_widthprec                        0x00000000   Number         0  printf_stubs.o ABSOLUTE
    __ARM_exceptions_init                     - Undefined Weak Reference
    __alloca_initialize                       - Undefined Weak Reference
    __arm_preinit_                            - Undefined Weak Reference
    __cpp_initialize__aeabi_                  - Undefined Weak Reference
    __cxa_finalize                            - Undefined Weak Reference
    __rt_locale                               - Undefined Weak Reference
    __sigvec_lookup                           - Undefined Weak Reference
    _atexit_init                              - Undefined Weak Reference
    _call_atexit_fns                          - Undefined Weak Reference
    _clock_init                               - Undefined Weak Reference
    _fp_trap_init                             - Undefined Weak Reference
    _fp_trap_shutdown                         - Undefined Weak Reference
    _get_lc_collate                           - Undefined Weak Reference
    _get_lc_ctype                             - Undefined Weak Reference
    _get_lc_monetary                          - Undefined Weak Reference
    _get_lc_numeric                           - Undefined Weak Reference
    _get_lc_time                              - Undefined Weak Reference
    _getenv_init                              - Undefined Weak Reference
    _handle_redirection                       - Undefined Weak Reference
    _init_alloc                               - Undefined Weak Reference
    _init_user_alloc                          - Undefined Weak Reference
    _initio                                   - Undefined Weak Reference
    _printf_post_padding                      - Undefined Weak Reference
    _printf_pre_padding                       - Undefined Weak Reference
    _printf_truncate_unsigned                 - Undefined Weak Reference
    _rand_init                                - Undefined Weak Reference
    _signal_finish                            - Undefined Weak Reference
    _signal_init                              - Undefined Weak Reference
    _terminate_alloc                          - Undefined Weak Reference
    _terminate_user_alloc                     - Undefined Weak Reference
    _terminateio                              - Undefined Weak Reference
    __main                                   0x000000c1   Thumb Code     8  __main.o(!!!main)
    __scatterload                            0x000000c9   Thumb Code     0  __scatter.o(!!!scatter)
    __scatterload_rt2                        0x000000c9   Thumb Code    52  __scatter.o(!!!scatter)
    __scatterload_rt2_thumb_only             0x000000c9   Thumb Code     0  __scatter.o(!!!scatter)
    __scatterload_null                       0x000000d9   Thumb Code     0  __scatter.o(!!!scatter)
    __scatterload_copy                       0x00000105   Thumb Code    26  __scatter_copy.o(!!handler_copy)
    __scatterload_zeroinit                   0x00000121   Thumb Code    28  __scatter_zi.o(!!handler_zi)
    _printf_percent                          0x0000013d   Thumb Code     0  _printf_percent.o(.ARM.Collect$$_printf_percent$$00000000)
    _printf_x                                0x0000013f   Thumb Code     0  _printf_x.o(.ARM.Collect$$_printf_percent$$0000000C)
    _printf_percent_end                      0x00000149   Thumb Code     0  _printf_percent_end.o(.ARM.Collect$$_printf_percent$$00000017)
    __rt_lib_init                            0x0000014d   Thumb Code     0  libinit.o(.ARM.Collect$$libinit$$00000000)
    __rt_lib_init_alloca_1                   0x0000014f   Thumb Code     0  libinit2.o(.ARM.Collect$$libinit$$0000002E)
    __rt_lib_init_argv_1                     0x0000014f   Thumb Code     0  libinit2.o(.ARM.Collect$$libinit$$0000002C)
    __rt_lib_init_atexit_1                   0x0000014f   Thumb Code     0  libinit2.o(.ARM.Collect$$libinit$$0000001B)
    __rt_lib_init_clock_1                    0x0000014f   Thumb Code     0  libinit2.o(.ARM.Collect$$libinit$$00000021)
    __rt_lib_init_cpp_1                      0x0000014f   Thumb Code     0  libinit2.o(.ARM.Collect$$libinit$$00000032)
    __rt_lib_init_exceptions_1               0x0000014f   Thumb Code     0  libinit2.o(.ARM.Collect$$libinit$$00000030)
    __rt_lib_init_fp_1                       0x0000014f   Thumb Code     0  libinit2.o(.ARM.Collect$$libinit$$00000002)
    __rt_lib_init_fp_trap_1                  0x0000014f   Thumb Code     0  libinit2.o(.ARM.Collect$$libinit$$0000001F)
    __rt_lib_init_getenv_1                   0x0000014f   Thumb Code     0  libinit2.o(.ARM.Collect$$libinit$$00000023)
    __rt_lib_init_heap_1                     0x0000014f   Thumb Code     0  libinit2.o(.ARM.Collect$$libinit$$0000000A)
    __rt_lib_init_lc_collate_1               0x0000014f   Thumb Code     0  libinit2.o(.ARM.Collect$$libinit$$00000011)
    __rt_lib_init_lc_ctype_1                 0x0000014f   Thumb Code     0  libinit2.o(.ARM.Collect$$libinit$$00000013)
    __rt_lib_init_lc_monetary_1              0x0000014f   Thumb Code     0  libinit2.o(.ARM.Collect$$libinit$$00000015)
    __rt_lib_init_lc_numeric_1               0x0000014f   Thumb Code     0  libinit2.o(.ARM.Collect$$libinit$$00000017)
    __rt_lib_init_lc_time_1                  0x0000014f   Thumb Code     0  libinit2.o(.ARM.Collect$$libinit$$00000019)
    __rt_lib_init_preinit_1                  0x0000014f   Thumb Code     0  libinit2.o(.ARM.Collect$$libinit$$00000004)
    __rt_lib_init_rand_1                     0x0000014f   Thumb Code     0  libinit2.o(.ARM.Collect$$libinit$$0000000E)
    __rt_lib_init_return                     0x0000014f   Thumb Code     0  libinit2.o(.ARM.Collect$$libinit$$00000033)
    __rt_lib_init_signal_1                   0x0000014f   Thumb Code     0  libinit2.o(.ARM.Collect$$libinit$$0000001D)
    __rt_lib_init_stdio_1                    0x0000014f   Thumb Code     0  libinit2.o(.ARM.Collect$$libinit$$00000025)
    __rt_lib_init_user_alloc_1               0x0000014f   Thumb Code     0  libinit2.o(.ARM.Collect$$libinit$$0000000C)
    __rt_lib_shutdown                        0x00000151   Thumb Code     0  libshutdown.o(.ARM.Collect$$libshutdown$$00000000)
    __rt_lib_shutdown_fp_trap_1              0x00000153   Thumb Code     0  libshutdown2.o(.ARM.Collect$$libshutdown$$00000006)
    __rt_lib_shutdown_heap_1                 0x00000153   Thumb Code     0  libshutdown2.o(.ARM.Collect$$libshutdown$$0000000E)
    __rt_lib_shutdown_return                 0x00000153   Thumb Code     0  libshutdown2.o(.ARM.Collect$$libshutdown$$0000000F)
    __rt_lib_shutdown_signal_1               0x00000153   Thumb Code     0  libshutdown2.o(.ARM.Collect$$libshutdown$$00000009)
    __rt_lib_shutdown_stdio_1                0x00000153   Thumb Code     0  libshutdown2.o(.ARM.Collect$$libshutdown$$00000003)
    __rt_lib_shutdown_user_alloc_1           0x00000153   Thumb Code     0  libshutdown2.o(.ARM.Collect$$libshutdown$$0000000B)
    __rt_entry                               0x00000155   Thumb Code     0  __rtentry.o(.ARM.Collect$$rtentry$$00000000)
    __rt_entry_presh_1                       0x00000155   Thumb Code     0  __rtentry2.o(.ARM.Collect$$rtentry$$00000002)
    __rt_entry_sh                            0x00000155   Thumb Code     0  __rtentry4.o(.ARM.Collect$$rtentry$$00000004)
    __rt_entry_li                            0x0000015b   Thumb Code     0  __rtentry2.o(.ARM.Collect$$rtentry$$0000000A)
    __rt_entry_postsh_1                      0x0000015b   Thumb Code     0  __rtentry2.o(.ARM.Collect$$rtentry$$00000009)
    __rt_entry_main                          0x0000015f   Thumb Code     0  __rtentry2.o(.ARM.Collect$$rtentry$$0000000D)
    __rt_entry_postli_1                      0x0000015f   Thumb Code     0  __rtentry2.o(.ARM.Collect$$rtentry$$0000000C)
    __rt_exit                                0x00000167   Thumb Code     0  rtexit.o(.ARM.Collect$$rtexit$$00000000)
    __rt_exit_ls                             0x00000169   Thumb Code     0  rtexit2.o(.ARM.Collect$$rtexit$$00000003)
    __rt_exit_prels_1                        0x00000169   Thumb Code     0  rtexit2.o(.ARM.Collect$$rtexit$$00000002)
    __rt_exit_exit                           0x0000016d   Thumb Code     0  rtexit2.o(.ARM.Collect$$rtexit$$00000004)
    SH_DoCommand                             0x00000175   Thumb Code    18  retarget.o(.emb_text)
    Reset_Handler                            0x00000189   Thumb Code    28  startup_n575_keil.o(.text)
    NMI_Handler                              0x000001a5   Thumb Code     2  startup_n575_keil.o(.text)
    HardFault_Handler                        0x000001a7   Thumb Code     2  startup_n575_keil.o(.text)
    SVC_Handler                              0x000001a9   Thumb Code     2  startup_n575_keil.o(.text)
    PendSV_Handler                           0x000001ab   Thumb Code     2  startup_n575_keil.o(.text)
    SysTick_Handler                          0x000001ad   Thumb Code     2  startup_n575_keil.o(.text)
    ACMP_IRQHandler                          0x000001af   Thumb Code     0  startup_n575_keil.o(.text)
    ADC_IRQHandler                           0x000001af   Thumb Code     0  startup_n575_keil.o(.text)
    ALC_IRQHandler                           0x000001af   Thumb Code     0  startup_n575_keil.o(.text)
    BOD_IRQHandler                           0x000001af   Thumb Code     0  startup_n575_keil.o(.text)
    CAPS_IRQHandler                          0x000001af   Thumb Code     0  startup_n575_keil.o(.text)
    EINT0_IRQHandler                         0x000001af   Thumb Code     0  startup_n575_keil.o(.text)
    EINT1_IRQHandler                         0x000001af   Thumb Code     0  startup_n575_keil.o(.text)
    GPAB_IRQHandler                          0x000001af   Thumb Code     0  startup_n575_keil.o(.text)
    I2C0_IRQHandler                          0x000001af   Thumb Code     0  startup_n575_keil.o(.text)
    I2S_IRQHandler                           0x000001af   Thumb Code     0  startup_n575_keil.o(.text)
    PDMA_IRQHandler                          0x000001af   Thumb Code     0  startup_n575_keil.o(.text)
    PWM0_IRQHandler                          0x000001af   Thumb Code     0  startup_n575_keil.o(.text)
    RTC_IRQHandler                           0x000001af   Thumb Code     0  startup_n575_keil.o(.text)
    SPI0_IRQHandler                          0x000001af   Thumb Code     0  startup_n575_keil.o(.text)
    TALARM_IRQHandler                        0x000001af   Thumb Code     0  startup_n575_keil.o(.text)
    TMR0_IRQHandler                          0x000001af   Thumb Code     0  startup_n575_keil.o(.text)
    TMR1_IRQHandler                          0x000001af   Thumb Code     0  startup_n575_keil.o(.text)
    UART0_IRQHandler                         0x000001af   Thumb Code     0  startup_n575_keil.o(.text)
    WDT_IRQHandler                           0x000001af   Thumb Code     0  startup_n575_keil.o(.text)
    __user_initial_stackheap                 0x000001b1   Thumb Code     0  startup_n575_keil.o(.text)
    __2printf                                0x000001e9   Thumb Code    22  noretval__2printf.o(.text)
    _printf_int_hex                          0x00000205   Thumb Code    84  _printf_hex_int.o(.text)
    _printf_longlong_hex                     0x00000205   Thumb Code     0  _printf_hex_int.o(.text)
    __printf                                 0x0000025d   Thumb Code   270  __printf_wp.o(.text)
    memcmp                                   0x0000036b   Thumb Code    90  memcmp.o(.text)
    _memset_w                                0x000003c5   Thumb Code    26  rt_memclr.o(.text)
    _memset                                  0x000003df   Thumb Code    30  rt_memclr.o(.text)
    __aeabi_memclr                           0x000003fd   Thumb Code     4  rt_memclr.o(.text)
    __rt_memclr                              0x000003fd   Thumb Code     0  rt_memclr.o(.text)
    __aeabi_memclr4                          0x00000401   Thumb Code     0  rt_memclr.o(.text)
    __aeabi_memclr8                          0x00000401   Thumb Code     0  rt_memclr.o(.text)
    __rt_memclr_w                            0x00000401   Thumb Code     4  rt_memclr.o(.text)
    __aeabi_uidiv                            0x00000405   Thumb Code     0  aeabi_sdiv.o(.text)
    __aeabi_uidivmod                         0x00000405   Thumb Code    20  aeabi_sdiv.o(.text)
    __aeabi_idiv                             0x00000419   Thumb Code     0  aeabi_sdiv.o(.text)
    __aeabi_idivmod                          0x00000419   Thumb Code   326  aeabi_sdiv.o(.text)
    __use_two_region_memory                  0x0000055f   Thumb Code     2  heapauxi.o(.text)
    __rt_heap_escrow$2region                 0x00000561   Thumb Code     2  heapauxi.o(.text)
    __rt_heap_expand$2region                 0x00000563   Thumb Code     2  heapauxi.o(.text)
    _printf_int_common                       0x00000565   Thumb Code   176  _printf_intcommon.o(.text)
    _printf_char_file                        0x00000615   Thumb Code    34  _printf_char_file.o(.text)
    _printf_char_common                      0x00000647   Thumb Code    32  _printf_char_common.o(.text)
    __user_setup_stackheap                   0x0000066d   Thumb Code    62  sys_stackheap_outer.o(.text)
    exit                                     0x000006ab   Thumb Code    12  exit.o(.text)
    __user_libspace                          0x000006b9   Thumb Code     8  libspace.o(.text)
    __user_perproc_libspace                  0x000006b9   Thumb Code     0  libspace.o(.text)
    __user_perthread_libspace                0x000006b9   Thumb Code     0  libspace.o(.text)
    CLK_EnableModuleClock                    0x000006c1   Thumb Code    32  clk.o(i.CLK_EnableModuleClock)
    CLK_EnableXtalRC                         0x000006e5   Thumb Code    28  clk.o(i.CLK_EnableXtalRC)
    CLK_GetHCLKFreq                          0x00000705   Thumb Code    12  clk.o(i.CLK_GetHCLKFreq)
    CLK_SetHCLK                              0x00000715   Thumb Code    66  clk.o(i.CLK_SetHCLK)
    IsDebugFifoEmpty                         0x0000075d   Thumb Code    12  retarget.o(i.IsDebugFifoEmpty)
    SPI_GetBusClock                          0x0000076d   Thumb Code    24  spi.o(i.SPI_GetBusClock)
    SPI_Open                                 0x00000785   Thumb Code    40  spi.o(i.SPI_Open)
    SPI_SetBusClock                          0x000007ad   Thumb Code    76  spi.o(i.SPI_SetBusClock)
    SPI_SetVarClock                          0x000007fd   Thumb Code    66  spi.o(i.SPI_SetVarClock)
    SYS_Init                                 0x00000845   Thumb Code   198  main.o(i.SYS_Init)
    SYS_Lock                                 0x00000921   Thumb Code    12  sys.o(i.SYS_Lock)
    SYS_LockReg                              0x00000931   Thumb Code     8  sys.o(i.SYS_LockReg)
    SYS_ResetModule                          0x0000093d   Thumb Code    48  sys.o(i.SYS_ResetModule)
    SYS_Unlock                               0x0000096d   Thumb Code    44  sys.o(i.SYS_Unlock)
    SYS_UnlockReg                            0x0000099d   Thumb Code    26  sys.o(i.SYS_UnlockReg)
    SendChar                                 0x000009bd   Thumb Code   102  retarget.o(i.SendChar)
    SendChar_ToUART                          0x00000a2d   Thumb Code    48  retarget.o(i.SendChar_ToUART)
    SpiFlash_ChipErase                       0x00000a61   Thumb Code    84  main.o(i.SpiFlash_ChipErase)
    SpiFlash_Init                            0x00000ab9   Thumb Code   108  main.o(i.SpiFlash_Init)
    SpiFlash_NormalPageProgram               0x00000b2d   Thumb Code   172  main.o(i.SpiFlash_NormalPageProgram)
    SpiFlash_NormalRead                      0x00000bdd   Thumb Code   128  main.o(i.SpiFlash_NormalRead)
    SpiFlash_ReadMidDid                      0x00000c61   Thumb Code    52  main.o(i.SpiFlash_ReadMidDid)
    SpiFlash_ReadStatusReg                   0x00000c99   Thumb Code    50  main.o(i.SpiFlash_ReadStatusReg)
    SpiFlash_SendRxData                      0x00000cd1   Thumb Code    92  main.o(i.SpiFlash_SendRxData)
    SpiFlash_WaitReady                       0x00000d31   Thumb Code    18  main.o(i.SpiFlash_WaitReady)
    SystemCoreClockUpdate                    0x00000d45   Thumb Code    74  system_n575.o(i.SystemCoreClockUpdate)
    UART_Open                                0x00000dad   Thumb Code    96  uart.o(i.UART_Open)
    _is_digit                                0x00000e15   Thumb Code    14  __printf_wp.o(i._is_digit)
    _sys_exit                                0x00000e25   Thumb Code    28  retarget.o(i._sys_exit)
    ferror                                   0x00000e45   Thumb Code     8  retarget.o(i.ferror)
    fputc                                    0x00000e4d   Thumb Code    16  retarget.o(i.fputc)
    main                                     0x00000e5d   Thumb Code   190  main.o(i.main)
    Region$$Table$$Base                      0x000010bc   Number         0  anon$$obj.o(Region$$Table)
    Region$$Table$$Limit                     0x000010dc   Number         0  anon$$obj.o(Region$$Table)
    SystemCoreClock                          0x20000000   Data           4  system_n575.o(.data)
    CyclesPerUs                              0x20000004   Data           4  system_n575.o(.data)
    gau32ClkSrcTbl                           0x20000008   Data          12  system_n575.o(.data)
    gau32HiRCSrcTbl                          0x20000014   Data           8  system_n575.o(.data)
    __stdout                                 0x2000001c   Data           4  retarget.o(.data)
    __stdin                                  0x20000020   Data           4  retarget.o(.data)
    au8SrcArray                              0x20000028   Data         256  main.o(.bss)
    au8DestArray                             0x20000128   Data         256  main.o(.bss)
    __libspace_start                         0x20000238   Data          96  libspace.o(.bss)
    __temporary_stack_top$libspace           0x20000298   Data           0  libspace.o(.bss)



==============================================================================

Memory Map of the image

  Image Entry point : 0x00000189

  Load Region LR_1 (Base: 0x00000000, Size: 0x00001104, Max: 0xffffffff, ABSOLUTE)

    Execution Region ER_RO (Base: 0x00000000, Size: 0x000010dc, Max: 0xffffffff, ABSOLUTE)

    Base Addr    Size         Type   Attr      Idx    E Section Name        Object

    0x00000000   0x000000c0   Data   RO            3    RESET               startup_n575_keil.o
    0x000000c0   0x00000008   Code   RO         1241  * !!!main             c_p.l(__main.o)
    0x000000c8   0x0000003c   Code   RO         1414    !!!scatter          c_p.l(__scatter.o)
    0x00000104   0x0000001a   Code   RO         1416    !!handler_copy      c_p.l(__scatter_copy.o)
    0x0000011e   0x00000002   PAD
    0x00000120   0x0000001c   Code   RO         1418    !!handler_zi        c_p.l(__scatter_zi.o)
    0x0000013c   0x00000002   Code   RO         1230    .ARM.Collect$$_printf_percent$$00000000  c_p.l(_printf_percent.o)
    0x0000013e   0x0000000a   Code   RO         1229    .ARM.Collect$$_printf_percent$$0000000C  c_p.l(_printf_x.o)
    0x00000148   0x00000004   Code   RO         1252    .ARM.Collect$$_printf_percent$$00000017  c_p.l(_printf_percent_end.o)
    0x0000014c   0x00000002   Code   RO         1288    .ARM.Collect$$libinit$$00000000  c_p.l(libinit.o)
    0x0000014e   0x00000000   Code   RO         1302    .ARM.Collect$$libinit$$00000002  c_p.l(libinit2.o)
    0x0000014e   0x00000000   Code   RO         1304    .ARM.Collect$$libinit$$00000004  c_p.l(libinit2.o)
    0x0000014e   0x00000000   Code   RO         1307    .ARM.Collect$$libinit$$0000000A  c_p.l(libinit2.o)
    0x0000014e   0x00000000   Code   RO         1309    .ARM.Collect$$libinit$$0000000C  c_p.l(libinit2.o)
    0x0000014e   0x00000000   Code   RO         1311    .ARM.Collect$$libinit$$0000000E  c_p.l(libinit2.o)
    0x0000014e   0x00000000   Code   RO         1314    .ARM.Collect$$libinit$$00000011  c_p.l(libinit2.o)
    0x0000014e   0x00000000   Code   RO         1316    .ARM.Collect$$libinit$$00000013  c_p.l(libinit2.o)
    0x0000014e   0x00000000   Code   RO         1318    .ARM.Collect$$libinit$$00000015  c_p.l(libinit2.o)
    0x0000014e   0x00000000   Code   RO         1320    .ARM.Collect$$libinit$$00000017  c_p.l(libinit2.o)
    0x0000014e   0x00000000   Code   RO         1322    .ARM.Collect$$libinit$$00000019  c_p.l(libinit2.o)
    0x0000014e   0x00000000   Code   RO         1324    .ARM.Collect$$libinit$$0000001B  c_p.l(libinit2.o)
    0x0000014e   0x00000000   Code   RO         1326    .ARM.Collect$$libinit$$0000001D  c_p.l(libinit2.o)
    0x0000014e   0x00000000   Code   RO         1328    .ARM.Collect$$libinit$$0000001F  c_p.l(libinit2.o)
    0x0000014e   0x00000000   Code   RO         1330    .ARM.Collect$$libinit$$00000021  c_p.l(libinit2.o)
    0x0000014e   0x00000000   Code   RO         1332    .ARM.Collect$$libinit$$00000023  c_p.l(libinit2.o)
    0x0000014e   0x00000000   Code   RO         1334    .ARM.Collect$$libinit$$00000025  c_p.l(libinit2.o)
    0x0000014e   0x00000000   Code   RO         1338    .ARM.Collect$$libinit$$0000002C  c_p.l(libinit2.o)
    0x0000014e   0x00000000   Code   RO         1340    .ARM.Collect$$libinit$$0000002E  c_p.l(libinit2.o)
    0x0000014e   0x00000000   Code   RO         1342    .ARM.Collect$$libinit$$00000030  c_p.l(libinit2.o)
    0x0000014e   0x00000000   Code   RO         1344    .ARM.Collect$$libinit$$00000032  c_p.l(libinit2.o)
    0x0000014e   0x00000002   Code   RO         1345    .ARM.Collect$$libinit$$00000033  c_p.l(libinit2.o)
    0x00000150   0x00000002   Code   RO         1369    .ARM.Collect$$libshutdown$$00000000  c_p.l(libshutdown.o)
    0x00000152   0x00000000   Code   RO         1396    .ARM.Collect$$libshutdown$$00000003  c_p.l(libshutdown2.o)
    0x00000152   0x00000000   Code   RO         1399    .ARM.Collect$$libshutdown$$00000006  c_p.l(libshutdown2.o)
    0x00000152   0x00000000   Code   RO         1402    .ARM.Collect$$libshutdown$$00000009  c_p.l(libshutdown2.o)
    0x00000152   0x00000000   Code   RO         1404    .ARM.Collect$$libshutdown$$0000000B  c_p.l(libshutdown2.o)
    0x00000152   0x00000000   Code   RO         1407    .ARM.Collect$$libshutdown$$0000000E  c_p.l(libshutdown2.o)
    0x00000152   0x00000002   Code   RO         1408    .ARM.Collect$$libshutdown$$0000000F  c_p.l(libshutdown2.o)
    0x00000154   0x00000000   Code   RO         1243    .ARM.Collect$$rtentry$$00000000  c_p.l(__rtentry.o)
    0x00000154   0x00000000   Code   RO         1254    .ARM.Collect$$rtentry$$00000002  c_p.l(__rtentry2.o)
    0x00000154   0x00000006   Code   RO         1266    .ARM.Collect$$rtentry$$00000004  c_p.l(__rtentry4.o)
    0x0000015a   0x00000000   Code   RO         1256    .ARM.Collect$$rtentry$$00000009  c_p.l(__rtentry2.o)
    0x0000015a   0x00000004   Code   RO         1257    .ARM.Collect$$rtentry$$0000000A  c_p.l(__rtentry2.o)
    0x0000015e   0x00000000   Code   RO         1259    .ARM.Collect$$rtentry$$0000000C  c_p.l(__rtentry2.o)
    0x0000015e   0x00000008   Code   RO         1260    .ARM.Collect$$rtentry$$0000000D  c_p.l(__rtentry2.o)
    0x00000166   0x00000002   Code   RO         1293    .ARM.Collect$$rtexit$$00000000  c_p.l(rtexit.o)
    0x00000168   0x00000000   Code   RO         1347    .ARM.Collect$$rtexit$$00000002  c_p.l(rtexit2.o)
    0x00000168   0x00000004   Code   RO         1348    .ARM.Collect$$rtexit$$00000003  c_p.l(rtexit2.o)
    0x0000016c   0x00000006   Code   RO         1349    .ARM.Collect$$rtexit$$00000004  c_p.l(rtexit2.o)
    0x00000172   0x00000002   PAD
    0x00000174   0x00000012   Code   RO          440    .emb_text           retarget.o
    0x00000186   0x00000002   PAD
    0x00000188   0x00000060   Code   RO            4  * .text               startup_n575_keil.o
    0x000001e8   0x0000001c   Code   RO         1184    .text               c_p.l(noretval__2printf.o)
    0x00000204   0x00000058   Code   RO         1191    .text               c_p.l(_printf_hex_int.o)
    0x0000025c   0x0000010e   Code   RO         1217    .text               c_p.l(__printf_wp.o)
    0x0000036a   0x0000005a   Code   RO         1231    .text               c_p.l(memcmp.o)
    0x000003c4   0x00000040   Code   RO         1233    .text               c_p.l(rt_memclr.o)
    0x00000404   0x0000015a   Code   RO         1235    .text               c_p.l(aeabi_sdiv.o)
    0x0000055e   0x00000006   Code   RO         1239    .text               c_p.l(heapauxi.o)
    0x00000564   0x000000b0   Code   RO         1248    .text               c_p.l(_printf_intcommon.o)
    0x00000614   0x00000028   Code   RO         1250    .text               c_p.l(_printf_char_file.o)
    0x0000063c   0x00000030   Code   RO         1270    .text               c_p.l(_printf_char_common.o)
    0x0000066c   0x0000003e   Code   RO         1272    .text               c_p.l(sys_stackheap_outer.o)
    0x000006aa   0x0000000c   Code   RO         1277    .text               c_p.l(exit.o)
    0x000006b6   0x00000002   PAD
    0x000006b8   0x00000008   Code   RO         1289    .text               c_p.l(libspace.o)
    0x000006c0   0x00000024   Code   RO          723    i.CLK_EnableModuleClock  clk.o
    0x000006e4   0x00000020   Code   RO          724    i.CLK_EnableXtalRC  clk.o
    0x00000704   0x00000010   Code   RO          725    i.CLK_GetHCLKFreq   clk.o
    0x00000714   0x00000048   Code   RO          728    i.CLK_SetHCLK       clk.o
    0x0000075c   0x00000010   Code   RO          443    i.IsDebugFifoEmpty  retarget.o
    0x0000076c   0x00000018   Code   RO          391    i.SPI_GetBusClock   spi.o
    0x00000784   0x00000028   Code   RO          393    i.SPI_Open          spi.o
    0x000007ac   0x00000050   Code   RO          394    i.SPI_SetBusClock   spi.o
    0x000007fc   0x00000048   Code   RO          395    i.SPI_SetVarClock   spi.o
    0x00000844   0x000000dc   Code   RO          126    i.SYS_Init          main.o
    0x00000920   0x00000010   Code   RO          313    i.SYS_Lock          sys.o
    0x00000930   0x0000000c   Code   RO          314    i.SYS_LockReg       sys.o
    0x0000093c   0x00000030   Code   RO          318    i.SYS_ResetModule   sys.o
    0x0000096c   0x00000030   Code   RO          319    i.SYS_Unlock        sys.o
    0x0000099c   0x00000020   Code   RO          320    i.SYS_UnlockReg     sys.o
    0x000009bc   0x00000070   Code   RO          444    i.SendChar          retarget.o
    0x00000a2c   0x00000034   Code   RO          445    i.SendChar_ToUART   retarget.o
    0x00000a60   0x00000058   Code   RO          127    i.SpiFlash_ChipErase  main.o
    0x00000ab8   0x00000074   Code   RO          128    i.SpiFlash_Init     main.o
    0x00000b2c   0x000000b0   Code   RO          129    i.SpiFlash_NormalPageProgram  main.o
    0x00000bdc   0x00000084   Code   RO          130    i.SpiFlash_NormalRead  main.o
    0x00000c60   0x00000038   Code   RO          131    i.SpiFlash_ReadMidDid  main.o
    0x00000c98   0x00000038   Code   RO          132    i.SpiFlash_ReadStatusReg  main.o
    0x00000cd0   0x00000060   Code   RO          133    i.SpiFlash_SendRxData  main.o
    0x00000d30   0x00000012   Code   RO          134    i.SpiFlash_WaitReady  main.o
    0x00000d42   0x00000002   PAD
    0x00000d44   0x00000068   Code   RO           12    i.SystemCoreClockUpdate  system_n575.o
    0x00000dac   0x00000068   Code   RO          240    i.UART_Open         uart.o
    0x00000e14   0x0000000e   Code   RO         1219    i._is_digit         c_p.l(__printf_wp.o)
    0x00000e22   0x00000002   PAD
    0x00000e24   0x00000020   Code   RO          446    i._sys_exit         retarget.o
    0x00000e44   0x00000008   Code   RO          448    i.ferror            retarget.o
    0x00000e4c   0x00000010   Code   RO          450    i.fputc             retarget.o
    0x00000e5c   0x00000150   Code   RO          135    i.main              main.o
    0x00000fac   0x00000028   Data   RO         1192    .constdata          c_p.l(_printf_hex_int.o)
    0x00000fd4   0x000000e8   Data   RO          137    .conststring        main.o
    0x000010bc   0x00000020   Data   RO         1412    Region$$Table       anon$$obj.o


    Execution Region ER_RW (Base: 0x20000000, Size: 0x00000028, Max: 0xffffffff, ABSOLUTE)

    Base Addr    Size         Type   Attr      Idx    E Section Name        Object

    0x20000000   0x0000001c   Data   RW           14    .data               system_n575.o
    0x2000001c   0x00000009   Data   RW          454    .data               retarget.o


    Execution Region ER_ZI (Base: 0x20000028, Size: 0x00000870, Max: 0xffffffff, ABSOLUTE)

    Base Addr    Size         Type   Attr      Idx    E Section Name        Object

    0x20000028   0x00000200   Zero   RW          136    .bss                main.o
    0x20000228   0x00000010   Zero   RW          453    .bss                retarget.o
    0x20000238   0x00000060   Zero   RW         1290    .bss                c_p.l(libspace.o)
    0x20000298   0x00000200   Zero   RW            2    HEAP                startup_n575_keil.o
    0x20000498   0x00000400   Zero   RW            1    STACK               startup_n575_keil.o


==============================================================================

Image component sizes


      Code (inc. data)   RO Data    RW Data    ZI Data      Debug   Object Name

       156         18          0          0          0       2015   clk.o
      1294        202        232          0        512     100703   main.o
       254         22          0          9         16       5251   retarget.o
       216         10          0          0          0       2777   spi.o
        96         46        192          0       1536        612   startup_n575_keil.o
       156         18          0          0          0       2192   sys.o
       104         30          0         28          0     101021   system_n575.o
       104          8          0          0          0        996   uart.o

    ----------------------------------------------------------------------
      2384        354        456         40       2064     215567   Object Totals
         0          0         32          0          0          0   (incl. Generated)
         4          0          0          3          0          0   (incl. Padding)

    ----------------------------------------------------------------------

      Code (inc. data)   RO Data    RW Data    ZI Data      Debug   Library Member Name

         8          0          0          0          0         68   __main.o
       284          0          0          0          0        136   __printf_wp.o
         0          0          0          0          0          0   __rtentry.o
        12          0          0          0          0          0   __rtentry2.o
         6          0          0          0          0          0   __rtentry4.o
        60          8          0          0          0          0   __scatter.o
        26          0          0          0          0          0   __scatter_copy.o
        28          0          0          0          0          0   __scatter_zi.o
        48          6          0          0          0         88   _printf_char_common.o
        40          6          0          0          0         72   _printf_char_file.o
        88          4         40          0          0         72   _printf_hex_int.o
       176          0          0          0          0         84   _printf_intcommon.o
         2          0          0          0          0          0   _printf_percent.o
         4          0          0          0          0          0   _printf_percent_end.o
        10          0          0          0          0          0   _printf_x.o
       346          0          0          0          0         92   aeabi_sdiv.o
        12          0          0          0          0         64   exit.o
         6          0          0          0          0        136   heapauxi.o
         2          0          0          0          0          0   libinit.o
         2          0          0          0          0          0   libinit2.o
         2          0          0          0          0          0   libshutdown.o
         2          0          0          0          0          0   libshutdown2.o
         8          4          0          0         96         68   libspace.o
        90          0          0          0          0         68   memcmp.o
        28          6          0          0          0         84   noretval__2printf.o
        64          0          0          0          0        108   rt_memclr.o
         2          0          0          0          0          0   rtexit.o
        10          0          0          0          0          0   rtexit2.o
        62          0          0          0          0         80   sys_stackheap_outer.o

    ----------------------------------------------------------------------
      1436         34         40          0         96       1220   Library Totals
         8          0          0          0          0          0   (incl. Padding)

    ----------------------------------------------------------------------

      Code (inc. data)   RO Data    RW Data    ZI Data      Debug   Library Name

      1428         34         40          0         96       1220   c_p.l

    ----------------------------------------------------------------------
      1436         34         40          0         96       1220   Library Totals

    ----------------------------------------------------------------------

==============================================================================


      Code (inc. data)   RO Data    RW Data    ZI Data      Debug   

      3820        388        496         40       2160     215015   Grand Totals
      3820        388        496         40       2160     215015   ELF Image Totals
      3820        388        496         40          0          0   ROM Totals

==============================================================================

    Total RO  Size (Code + RO Data)                 4316 (   4.21kB)
    Total RW  Size (RW Data + ZI Data)              2200 (   2.15kB)
    Total ROM Size (Code + RO Data + RW Data)       4356 (   4.25kB)

==============================================================================

